Archive member included to satisfy reference by file (symbol)

c:/intelFPGA_lite/ip_labs/cw/quartus_v2/Golden_Top/software/cw2_bsp/\libhal_bsp.a(alt_load.o)
                              c:/intelFPGA_lite/ip_labs/cw/quartus_v2/Golden_Top/software/cw2_bsp//obj/HAL/src/crt0.o (alt_load)
c:/intelFPGA_lite/ip_labs/cw/quartus_v2/Golden_Top/software/cw2_bsp/\libhal_bsp.a(alt_main.o)
                              c:/intelFPGA_lite/ip_labs/cw/quartus_v2/Golden_Top/software/cw2_bsp//obj/HAL/src/crt0.o (alt_main)
c:/intelFPGA_lite/ip_labs/cw/quartus_v2/Golden_Top/software/cw2_bsp/\libhal_bsp.a(alt_putstr.o)
                              obj/default/hello_world.o (alt_putstr)
c:/intelFPGA_lite/ip_labs/cw/quartus_v2/Golden_Top/software/cw2_bsp/\libhal_bsp.a(alt_sys_init.o)
                              c:/intelFPGA_lite/ip_labs/cw/quartus_v2/Golden_Top/software/cw2_bsp/\libhal_bsp.a(alt_main.o) (alt_irq_init)
c:/intelFPGA_lite/ip_labs/cw/quartus_v2/Golden_Top/software/cw2_bsp/\libhal_bsp.a(altera_avalon_jtag_uart_fd.o)
                              c:/intelFPGA_lite/ip_labs/cw/quartus_v2/Golden_Top/software/cw2_bsp/\libhal_bsp.a(alt_sys_init.o) (altera_avalon_jtag_uart_read_fd)
c:/intelFPGA_lite/ip_labs/cw/quartus_v2/Golden_Top/software/cw2_bsp/\libhal_bsp.a(altera_avalon_jtag_uart_init.o)
                              c:/intelFPGA_lite/ip_labs/cw/quartus_v2/Golden_Top/software/cw2_bsp/\libhal_bsp.a(alt_sys_init.o) (altera_avalon_jtag_uart_init)
c:/intelFPGA_lite/ip_labs/cw/quartus_v2/Golden_Top/software/cw2_bsp/\libhal_bsp.a(altera_avalon_jtag_uart_ioctl.o)
                              c:/intelFPGA_lite/ip_labs/cw/quartus_v2/Golden_Top/software/cw2_bsp/\libhal_bsp.a(altera_avalon_jtag_uart_fd.o) (altera_avalon_jtag_uart_ioctl)
c:/intelFPGA_lite/ip_labs/cw/quartus_v2/Golden_Top/software/cw2_bsp/\libhal_bsp.a(altera_avalon_jtag_uart_read.o)
                              c:/intelFPGA_lite/ip_labs/cw/quartus_v2/Golden_Top/software/cw2_bsp/\libhal_bsp.a(altera_avalon_jtag_uart_fd.o) (altera_avalon_jtag_uart_read)
c:/intelFPGA_lite/ip_labs/cw/quartus_v2/Golden_Top/software/cw2_bsp/\libhal_bsp.a(altera_avalon_jtag_uart_write.o)
                              c:/intelFPGA_lite/ip_labs/cw/quartus_v2/Golden_Top/software/cw2_bsp/\libhal_bsp.a(altera_avalon_jtag_uart_fd.o) (altera_avalon_jtag_uart_write)
c:/intelFPGA_lite/ip_labs/cw/quartus_v2/Golden_Top/software/cw2_bsp/\libhal_bsp.a(altera_avalon_timer_sc.o)
                              c:/intelFPGA_lite/ip_labs/cw/quartus_v2/Golden_Top/software/cw2_bsp/\libhal_bsp.a(alt_sys_init.o) (alt_avalon_timer_sc_init)
c:/intelFPGA_lite/ip_labs/cw/quartus_v2/Golden_Top/software/cw2_bsp/\libhal_bsp.a(alt_alarm_start.o)
                              c:/intelFPGA_lite/ip_labs/cw/quartus_v2/Golden_Top/software/cw2_bsp/\libhal_bsp.a(altera_avalon_jtag_uart_init.o) (alt_alarm_start)
c:/intelFPGA_lite/ip_labs/cw/quartus_v2/Golden_Top/software/cw2_bsp/\libhal_bsp.a(alt_close.o)
                              c:/intelFPGA_lite/ip_labs/cw/quartus_v2/Golden_Top/software/cw2_bsp/\libhal_bsp.a(alt_main.o) (close)
c:/intelFPGA_lite/ip_labs/cw/quartus_v2/Golden_Top/software/cw2_bsp/\libhal_bsp.a(alt_dcache_flush_all.o)
                              c:/intelFPGA_lite/ip_labs/cw/quartus_v2/Golden_Top/software/cw2_bsp/\libhal_bsp.a(alt_load.o) (alt_dcache_flush_all)
c:/intelFPGA_lite/ip_labs/cw/quartus_v2/Golden_Top/software/cw2_bsp/\libhal_bsp.a(alt_dev.o)
                              c:/intelFPGA_lite/ip_labs/cw/quartus_v2/Golden_Top/software/cw2_bsp/\libhal_bsp.a(alt_sys_init.o) (alt_dev_list)
c:/intelFPGA_lite/ip_labs/cw/quartus_v2/Golden_Top/software/cw2_bsp/\libhal_bsp.a(alt_dev_llist_insert.o)
                              c:/intelFPGA_lite/ip_labs/cw/quartus_v2/Golden_Top/software/cw2_bsp/\libhal_bsp.a(alt_sys_init.o) (alt_dev_llist_insert)
c:/intelFPGA_lite/ip_labs/cw/quartus_v2/Golden_Top/software/cw2_bsp/\libhal_bsp.a(alt_do_ctors.o)
                              c:/intelFPGA_lite/ip_labs/cw/quartus_v2/Golden_Top/software/cw2_bsp/\libhal_bsp.a(alt_main.o) (_do_ctors)
c:/intelFPGA_lite/ip_labs/cw/quartus_v2/Golden_Top/software/cw2_bsp/\libhal_bsp.a(alt_do_dtors.o)
                              c:/intelFPGA_lite/ip_labs/cw/quartus_v2/Golden_Top/software/cw2_bsp/\libhal_bsp.a(alt_main.o) (_do_dtors)
c:/intelFPGA_lite/ip_labs/cw/quartus_v2/Golden_Top/software/cw2_bsp/\libhal_bsp.a(alt_errno.o)
                              c:/intelFPGA_lite/ip_labs/cw/quartus_v2/Golden_Top/software/cw2_bsp/\libhal_bsp.a(alt_close.o) (alt_errno)
c:/intelFPGA_lite/ip_labs/cw/quartus_v2/Golden_Top/software/cw2_bsp/\libhal_bsp.a(alt_icache_flush_all.o)
                              c:/intelFPGA_lite/ip_labs/cw/quartus_v2/Golden_Top/software/cw2_bsp/\libhal_bsp.a(alt_load.o) (alt_icache_flush_all)
c:/intelFPGA_lite/ip_labs/cw/quartus_v2/Golden_Top/software/cw2_bsp/\libhal_bsp.a(alt_io_redirect.o)
[...]
Memory Configuration

Name             Origin             Length             Attributes
reset            0x0000000000010000 0x0000000000000020
onchip_memory    0x0000000000010020 0x000000000000ffe0
*default*        0x0000000000000000 0xffffffffffffffff

Linker script and memory map

LOAD c:/intelFPGA_lite/ip_labs/cw/quartus_v2/Golden_Top/software/cw2_bsp//obj/HAL/src/crt0.o
LOAD obj/default/hello_world.o
LOAD c:/intelfpga_lite/20.1/nios2eds/bin/gnu/h-x86_64-mingw32/bin/../lib/gcc/nios2-elf/10.1.1/../../../../../H-x86_64-mingw32/nios2-elf/lib/mno-hw-mul\libstdc++.a
LOAD c:/intelfpga_lite/20.1/nios2eds/bin/gnu/h-x86_64-mingw32/bin/../lib/gcc/nios2-elf/10.1.1/../../../../../H-x86_64-mingw32/nios2-elf/lib/mno-hw-mul\libm.a
LOAD c:/intelfpga_lite/20.1/nios2eds/bin/gnu/h-x86_64-mingw32/bin/../lib/gcc/nios2-elf/10.1.1/mno-hw-mul\libgcc.a
START GROUP
LOAD c:/intelfpga_lite/20.1/nios2eds/bin/gnu/h-x86_64-mingw32/bin/../lib/gcc/nios2-elf/10.1.1/../../../../../H-x86_64-mingw32/nios2-elf/lib/mno-hw-mul\libc.a
LOAD c:/intelfpga_lite/20.1/nios2eds/bin/gnu/h-x86_64-mingw32/bin/../lib/gcc/nios2-elf/10.1.1/mno-hw-mul\libgcc.a
LOAD c:/intelFPGA_lite/ip_labs/cw/quartus_v2/Golden_Top/software/cw2_bsp/\libhal_bsp.a
LOAD c:/intelfpga_lite/20.1/nios2eds/bin/gnu/h-x86_64-mingw32/bin/../lib/gcc/nios2-elf/10.1.1/../../../../../H-x86_64-mingw32/nios2-elf/lib/mno-hw-mul\libm.a
END GROUP
LOAD c:/intelfpga_lite/20.1/nios2eds/bin/gnu/h-x86_64-mingw32/bin/../lib/gcc/nios2-elf/10.1.1/mno-hw-mul\libgcc.a
                0x0000000000010000                __alt_mem_onchip_memory = 0x10000

.entry          0x0000000000010000       0x20
 *(.entry)
 .entry         0x0000000000010000       0x20 c:/intelFPGA_lite/ip_labs/cw/quartus_v2/Golden_Top/software/cw2_bsp//obj/HAL/src/crt0.o
                0x0000000000010000                __reset

.exceptions     0x0000000000010020      0x208
                0x0000000000010020                PROVIDE (__ram_exceptions_start = ABSOLUTE (.))
                0x0000000000010020                . = ALIGN (0x20)
 *(.irq)
 *(.exceptions.entry.label)
 .exceptions.entry.label
                0x0000000000010020        0x0 c:/intelFPGA_lite/ip_labs/cw/quartus_v2/Golden_Top/software/cw2_bsp/\libhal_bsp.a(alt_irq_entry.o)
                0x0000000000010020                alt_irq_entry
 .exceptions.entry.label
                0x0000000000010020        0x0 c:/intelFPGA_lite/ip_labs/cw/quartus_v2/Golden_Top/software/cw2_bsp/\libhal_bsp.a(alt_exception_entry.o)
                0x0000000000010020                alt_exception
 *(.exceptions.entry.user)
 *(.exceptions.entry.ecc_fatal)
 *(.exceptions.entry)
 .exceptions.entry
                0x0000000000010020       0x54 c:/intelFPGA_lite/ip_labs/cw/quartus_v2/Golden_Top/software/cw2_bsp/\libhal_bsp.a(alt_exception_entry.o)
 *(.exceptions.irqtest.user)
 *(.exceptions.irqtest)
 .exceptions.irqtest
                0x0000000000010074       0x10 c:/intelFPGA_lite/ip_labs/cw/quartus_v2/Golden_Top/software/cw2_bsp/\libhal_bsp.a(alt_irq_entry.o)
 *(.exceptions.irqhandler.user)
 *(.exceptions.irqhandler)
 .exceptions.irqhandler
                0x0000000000010084        0x4 c:/intelFPGA_lite/ip_labs/cw/quartus_v2/Golden_Top/software/cw2_bsp/\libhal_bsp.a(alt_irq_entry.o)
 *(.exceptions.irqreturn.user)
 *(.exceptions.irqreturn)
 .exceptions.irqreturn
                0x0000000000010088        0x4 c:/intelFPGA_lite/ip_labs/cw/quartus_v2/Golden_Top/software/cw2_bsp/\libhal_bsp.a(alt_irq_entry.o)
 *(.exceptions.notirq.label)
 .exceptions.notirq.label
                0x000000000001008c        0x0 c:/intelFPGA_lite/ip_labs/cw/quartus_v2/Golden_Top/software/cw2_bsp/\libhal_bsp.a(alt_irq_entry.o)
 *(.exceptions.notirq.user)
 *(.exceptions.notirq)
 .exceptions.notirq
                0x000000000001008c        0x8 c:/intelFPGA_lite/ip_labs/cw/quartus_v2/Golden_Top/software/cw2_bsp/\libhal_bsp.a(alt_exception_entry.o)
 *(.exceptions.soft.user)
 *(.exceptions.soft)
 *(.exceptions.unknown.user)
 *(.exceptions.unknown)
 .exceptions.unknown
                0x0000000000010094       0x14 c:/intelFPGA_lite/ip_labs/cw/quartus_v2/Golden_Top/software/cw2_bsp/\libhal_bsp.a(alt_exception_entry.o)
 *(.exceptions.exit.label)
 .exceptions.exit.label
                0x00000000000100a8        0x0 c:/intelFPGA_lite/ip_labs/cw/quartus_v2/Golden_Top/software/cw2_bsp/\libhal_bsp.a(alt_irq_entry.o)
 .exceptions.exit.label
                0x00000000000100a8        0x0 c:/intelFPGA_lite/ip_labs/cw/quartus_v2/Golden_Top/software/cw2_bsp/\libhal_bsp.a(alt_exception_entry.o)
 *(.exceptions.exit.user)
 *(.exceptions.exit)
 .exceptions.exit
                0x00000000000100a8       0x54 c:/intelFPGA_lite/ip_labs/cw/quartus_v2/Golden_Top/software/cw2_bsp/\libhal_bsp.a(alt_exception_entry.o)
 *(.exceptions)
 .exceptions    0x00000000000100fc       0xcc c:/intelFPGA_lite/ip_labs/cw/quartus_v2/Golden_Top/software/cw2_bsp/\libhal_bsp.a(alt_irq_handler.o)
                0x00000000000100fc                alt_irq_handler
 .exceptions    0x00000000000101c8       0x60 c:/intelFPGA_lite/ip_labs/cw/quartus_v2/Golden_Top/software/cw2_bsp/\libhal_bsp.a(alt_instruction_exception_entry.o)
                0x00000000000101c8                alt_instruction_exception_entry
                0x0000000000010228                PROVIDE (__ram_exceptions_end = ABSOLUTE (.))
                0x0000000000010020                PROVIDE (__flash_exceptions_start = LOADADDR (.exceptions))

.text           0x0000000000010228     0x54f4
                [!provide]                        PROVIDE (stext = ABSOLUTE (.))
 *(.interp)
 *(.hash)
 *(.dynsym)
 *(.dynstr)
 *(.gnu.version)
 *(.gnu.version_d)
 *(.gnu.version_r)
 *(.rel.init)
 *(.rela.init)
 *(.rel.text .rel.text.* .rel.gnu.linkonce.t.*)
 *(.rela.text .rela.text.* .rela.gnu.linkonce.t.*)
 *(.rel.fini)
 *(.rela.fini)
 *(.rel.rodata .rel.rodata.* .rel.gnu.linkonce.r.*)
 *(.rela.rodata .rela.rodata.* .rela.gnu.linkonce.r.*)
 *(.rel.data .rel.data.* .rel.gnu.linkonce.d.*)
 *(.rela.data .rela.data.* .rela.gnu.linkonce.d.*)
 *(.rel.tdata .rel.tdata.* .rel.gnu.linkonce.td.*)
 *(.rela.tdata .rela.tdata.* .rela.gnu.linkonce.td.*)
 *(.rel.tbss .rel.tbss.* .rel.gnu.linkonce.tb.*)
 *(.rela.tbss .rela.tbss.* .rela.gnu.linkonce.tb.*)
 *(.rel.ctors)
 *(.rela.ctors)
 *(.rel.dtors)
 *(.rela.dtors)
 *(.rel.got)
 *(.rela.got)
 *(.rel.sdata .rel.sdata.* .rel.gnu.linkonce.s.*)
 *(.rela.sdata .rela.sdata.* .rela.gnu.linkonce.s.*)
 *(.rel.sbss .rel.sbss.* .rel.gnu.linkonce.sb.*)
 *(.rela.sbss .rela.sbss.* .rela.gnu.linkonce.sb.*)
 *(.rel.sdata2 .rel.sdata2.* .rel.gnu.linkonce.s2.*)
 *(.rela.sdata2 .rela.sdata2.* .rela.gnu.linkonce.s2.*)
 *(.rel.sbss2 .rel.sbss2.* .rel.gnu.linkonce.sb2.*)
 *(.rela.sbss2 .rela.sbss2.* .rela.gnu.linkonce.sb2.*)
 *(.rel.bss .rel.bss.* .rel.gnu.linkonce.b.*)
 *(.rela.bss .rela.bss.* .rela.gnu.linkonce.b.*)
 *(.rel.plt)
 *(.rela.plt)
 *(.rel.dyn)
 *(.init)
 *(.plt)
 *(.text .stub .text.* .gnu.linkonce.t.*)
 .text          0x0000000000010228       0x3c c:/intelFPGA_lite/ip_labs/cw/quartus_v2/Golden_Top/software/cw2_bsp//obj/HAL/src/crt0.o
                0x0000000000010228                _start
 .text          0x0000000000010264       0x84 obj/default/hello_world.o
                0x0000000000010264                main
 .text          0x00000000000102e8       0xec c:/intelFPGA_lite/ip_labs/cw/quartus_v2/Golden_Top/software/cw2_bsp/\libhal_bsp.a(alt_load.o)
                0x0000000000010350                alt_load
 .text          0x00000000000103d4       0x7c c:/intelFPGA_lite/ip_labs/cw/quartus_v2/Golden_Top/software/cw2_bsp/\libhal_bsp.a(alt_main.o)
                0x00000000000103d4                alt_main
 .text          0x0000000000010450       0x3c c:/intelFPGA_lite/ip_labs/cw/quartus_v2/Golden_Top/software/cw2_bsp/\libhal_bsp.a(alt_putstr.o)
                0x0000000000010450                alt_putstr
 .text          0x000000000001048c       0xdc c:/intelFPGA_lite/ip_labs/cw/quartus_v2/Golden_Top/software/cw2_bsp/\libhal_bsp.a(alt_sys_init.o)
                0x00000000000104c0                alt_irq_init
                0x00000000000104fc                alt_sys_init
 .text          0x0000000000010568      0x164 c:/intelFPGA_lite/ip_labs/cw/quartus_v2/Golden_Top/software/cw2_bsp/\libhal_bsp.a(altera_avalon_jtag_uart_fd.o)
                0x0000000000010568                altera_avalon_jtag_uart_read_fd
                0x00000000000105c8                altera_avalon_jtag_uart_write_fd
                0x0000000000010628                altera_avalon_jtag_uart_close_fd
                0x0000000000010678                altera_avalon_jtag_uart_ioctl_fd
 .text          0x00000000000106cc      0x3cc c:/intelFPGA_lite/ip_labs/cw/quartus_v2/Golden_Top/software/cw2_bsp/\libhal_bsp.a(altera_avalon_jtag_uart_init.o)
                0x00000000000106cc                altera_avalon_jtag_uart_init
                0x0000000000010a30                altera_avalon_jtag_uart_close
 .text          0x0000000000010a98       0xf4 c:/intelFPGA_lite/ip_labs/cw/quartus_v2/Golden_Top/software/cw2_bsp/\libhal_bsp.a(altera_avalon_jtag_uart_ioctl.o)
                0x0000000000010a98                altera_avalon_jtag_uart_ioctl
 .text          0x0000000000010b8c      0x220 c:/intelFPGA_lite/ip_labs/cw/quartus_v2/Golden_Top/software/cw2_bsp/\libhal_bsp.a(altera_avalon_jtag_uart_read.o)
                0x0000000000010b8c                altera_avalon_jtag_uart_read
 .text          0x0000000000010dac      0x228 c:/intelFPGA_lite/ip_labs/cw/quartus_v2/Golden_Top/software/cw2_bsp/\libhal_bsp.a(altera_avalon_jtag_uart_write.o)
                0x0000000000010dac                altera_avalon_jtag_uart_write
 .text          0x0000000000010fd4       0xfc c:/intelFPGA_lite/ip_labs/cw/quartus_v2/Golden_Top/software/cw2_bsp/\libhal_bsp.a(altera_avalon_timer_sc.o)
                0x0000000000011054                alt_avalon_timer_sc_init
 .text          0x00000000000110d0      0x134 c:/intelFPGA_lite/ip_labs/cw/quartus_v2/Golden_Top/software/cw2_bsp/\libhal_bsp.a(alt_alarm_start.o)
                0x00000000000110d0                alt_alarm_start
 .text          0x0000000000011204      0x118 c:/intelFPGA_lite/ip_labs/cw/quartus_v2/Golden_Top/software/cw2_bsp/\libhal_bsp.a(alt_close.o)
                0x0000000000011240                close
 .text          0x000000000001131c       0x20 c:/intelFPGA_lite/ip_labs/cw/quartus_v2/Golden_Top/software/cw2_bsp/\libhal_bsp.a(alt_dcache_flush_all.o)
                0x000000000001131c                alt_dcache_flush_all
 .text          0x000000000001133c       0x2c c:/intelFPGA_lite/ip_labs/cw/quartus_v2/Golden_Top/software/cw2_bsp/\libhal_bsp.a(alt_dev.o)
 .text          0x0000000000011368       0xe4 c:/intelFPGA_lite/ip_labs/cw/quartus_v2/Golden_Top/software/cw2_bsp/\libhal_bsp.a(alt_dev_llist_insert.o)
                0x00000000000113a4                alt_dev_llist_insert
 .text          0x000000000001144c       0x64 c:/intelFPGA_lite/ip_labs/cw/quartus_v2/Golden_Top/software/cw2_bsp/\libhal_bsp.a(alt_do_ctors.o)
                0x000000000001144c                _do_ctors
 .text          0x00000000000114b0       0x64 c:/intelFPGA_lite/ip_labs/cw/quartus_v2/Golden_Top/software/cw2_bsp/\libhal_bsp.a(alt_do_dtors.o)
                0x00000000000114b0                _do_dtors
 .text          0x0000000000011514        0x0 c:/intelFPGA_lite/ip_labs/cw/quartus_v2/Golden_Top/software/cw2_bsp/\libhal_bsp.a(alt_errno.o)
 .text          0x0000000000011514       0x20 c:/intelFPGA_lite/ip_labs/cw/quartus_v2/Golden_Top/software/cw2_bsp/\libhal_bsp.a(alt_icache_flush_all.o)
                0x0000000000011514                alt_icache_flush_all
 .text          0x0000000000011534      0x150 c:/intelFPGA_lite/ip_labs/cw/quartus_v2/Golden_Top/software/cw2_bsp/\libhal_bsp.a(alt_io_redirect.o)
                0x0000000000011608                alt_io_redirect
 .text          0x0000000000011684      0x180 c:/intelFPGA_lite/ip_labs/cw/quartus_v2/Golden_Top/software/cw2_bsp/\libhal_bsp.a(alt_irq_register.o)
                0x0000000000011684                alt_irq_register
 .text          0x0000000000011804        0x0 c:/intelFPGA_lite/ip_labs/cw/quartus_v2/Golden_Top/software/cw2_bsp/\libhal_bsp.a(alt_irq_vars.o)
 .text          0x0000000000011804      0x278 c:/intelFPGA_lite/ip_labs/cw/quartus_v2/Golden_Top/software/cw2_bsp/\libhal_bsp.a(alt_open.o)
                0x000000000001191c                open
 .text          0x0000000000011a7c       0x70 c:/intelFPGA_lite/ip_labs/cw/quartus_v2/Golden_Top/software/cw2_bsp/\libhal_bsp.a(alt_release_fd.o)
                0x0000000000011a7c                alt_release_fd
 .text          0x0000000000011aec      0x1ac c:/intelFPGA_lite/ip_labs/cw/quartus_v2/Golden_Top/software/cw2_bsp/\libhal_bsp.a(alt_tick.o)
                0x0000000000011aec                alt_alarm_stop
                0x0000000000011b90                alt_tick
 .text          0x0000000000011c98       0x24 c:/intelFPGA_lite/ip_labs/cw/quartus_v2/Golden_Top/software/cw2_bsp/\libhal_bsp.a(altera_nios2_gen2_irq.o)
                0x0000000000011c98                altera_nios2_gen2_irq_init
 .text          0x0000000000011cbc       0x90 c:/intelFPGA_lite/ip_labs/cw/quartus_v2/Golden_Top/software/cw2_bsp/\libhal_bsp.a(alt_find_dev.o)
                0x0000000000011cbc                alt_find_dev
 .text          0x0000000000011d4c      0x108 c:/intelFPGA_lite/ip_labs/cw/quartus_v2/Golden_Top/software/cw2_bsp/\libhal_bsp.a(alt_find_file.o)
                0x0000000000011d4c                alt_find_file
 .text          0x0000000000011e54       0xb8 c:/intelFPGA_lite/ip_labs/cw/quartus_v2/Golden_Top/software/cw2_bsp/\libhal_bsp.a(alt_get_fd.o)
                0x0000000000011e54                alt_get_fd
 .text          0x0000000000011f0c        0x0 c:/intelFPGA_lite/ip_labs/cw/quartus_v2/Golden_Top/software/cw2_bsp/\libhal_bsp.a(alt_irq_entry.o)
 .text          0x0000000000011f0c        0x0 c:/intelFPGA_lite/ip_labs/cw/quartus_v2/Golden_Top/software/cw2_bsp/\libhal_bsp.a(alt_irq_handler.o)
 .text          0x0000000000011f0c        0x0 c:/intelFPGA_lite/ip_labs/cw/quartus_v2/Golden_Top/software/cw2_bsp/\libhal_bsp.a(alt_exception_entry.o)
 .text          0x0000000000011f0c       0x98 c:/intelFPGA_lite/ip_labs/cw/quartus_v2/Golden_Top/software/cw2_bsp/\libhal_bsp.a(alt_instruction_exception_entry.o)
                0x0000000000011f0c                alt_exception_cause_generated_bad_addr
 .text          0x0000000000011fa4        0x0 c:/intelfpga_lite/20.1/nios2eds/bin/gnu/h-x86_64-mingw32/bin/../lib/gcc/nios2-elf/10.1.1/../../../../../H-x86_64-mingw32/nios2-elf/lib/mno-hw-mul\libc.a(lib_a-atexit.o)
 .text.atexit   0x0000000000011fa4       0x14 c:/intelfpga_lite/20.1/nios2eds/bin/gnu/h-x86_64-mingw32/bin/../lib/gcc/nios2-elf/10.1.1/../../../../../H-x86_64-mingw32/nios2-elf/lib/mno-hw-mul\libc.a(lib_a-atexit.o)
                0x0000000000011fa4                atexit
 .text          0x0000000000011fb8        0x0 c:/intelfpga_lite/20.1/nios2eds/bin/gnu/h-x86_64-mingw32/bin/../lib/gcc/nios2-elf/10.1.1/../../../../../H-x86_64-mingw32/nios2-elf/lib/mno-hw-mul\libc.a(lib_a-exit.o)
 .text.exit     0x0000000000011fb8       0x34 c:/intelfpga_lite/20.1/nios2eds/bin/gnu/h-x86_64-mingw32/bin/../lib/gcc/nios2-elf/10.1.1/../../../../../H-x86_64-mingw32/nios2-elf/lib/mno-hw-mul\libc.a(lib_a-exit.o)
                0x0000000000011fb8                exit
 .text          0x0000000000011fec        0x0 c:/intelfpga_lite/20.1/nios2eds/bin/gnu/h-x86_64-mingw32/bin/../lib/gcc/nios2-elf/10.1.1/../../../../../H-x86_64-mingw32/nios2-elf/lib/mno-hw-mul\libc.a(lib_a-fputs.o)
 .text._fputs_r
                0x0000000000011fec       0x98 c:/intelfpga_lite/20.1/nios2eds/bin/gnu/h-x86_64-mingw32/bin/../lib/gcc/nios2-elf/10.1.1/../../../../../H-x86_64-mingw32/nios2-elf/lib/mno-hw-mul\libc.a(lib_a-fputs.o)
                0x0000000000011fec                _fputs_r
 .text.fputs    0x0000000000012084       0x18 c:/intelfpga_lite/20.1/nios2eds/bin/gnu/h-x86_64-mingw32/bin/../lib/gcc/nios2-elf/10.1.1/../../../../../H-x86_64-mingw32/nios2-elf/lib/mno-hw-mul\libc.a(lib_a-fputs.o)
                0x0000000000012084                fputs
 .text          0x000000000001209c        0x0 c:/intelfpga_lite/20.1/nios2eds/bin/gnu/h-x86_64-mingw32/bin/../lib/gcc/nios2-elf/10.1.1/../../../../../H-x86_64-mingw32/nios2-elf/lib/mno-hw-mul\libc.a(lib_a-fvwrite.o)
 .text.__sfvwrite_r
                0x000000000001209c      0x4c8 c:/intelfpga_lite/20.1/nios2eds/bin/gnu/h-x86_64-mingw32/bin/../lib/gcc/nios2-elf/10.1.1/../../../../../H-x86_64-mingw32/nios2-elf/lib/mno-hw-mul\libc.a(lib_a-fvwrite.o)
                0x000000000001209c                __sfvwrite_r
 .text          0x0000000000012564        0x0 c:/intelfpga_lite/20.1/nios2eds/bin/gnu/h-x86_64-mingw32/bin/../lib/gcc/nios2-elf/10.1.1/../../../../../H-x86_64-mingw32/nios2-elf/lib/mno-hw-mul\libc.a(lib_a-impure.o)
 .text          0x0000000000012564        0x0 c:/intelfpga_lite/20.1/nios2eds/bin/gnu/h-x86_64-mingw32/bin/../lib/gcc/nios2-elf/10.1.1/../../../../../H-x86_64-mingw32/nios2-elf/lib/mno-hw-mul\libc.a(lib_a-int_errno.o)
 .text          0x0000000000012564        0x0 c:/intelfpga_lite/20.1/nios2eds/bin/gnu/h-x86_64-mingw32/bin/../lib/gcc/nios2-elf/10.1.1/../../../../../H-x86_64-mingw32/nios2-elf/lib/mno-hw-mul\libc.a(lib_a-mallocr.o)
 .text._malloc_r
                0x0000000000012564      0x7e0 c:/intelfpga_lite/20.1/nios2eds/bin/gnu/h-x86_64-mingw32/bin/../lib/gcc/nios2-elf/10.1.1/../../../../../H-x86_64-mingw32/nios2-elf/lib/mno-hw-mul\libc.a(lib_a-mallocr.o)
                0x0000000000012564                _malloc_r
 .text          0x0000000000012d44        0x0 c:/intelfpga_lite/20.1/nios2eds/bin/gnu/h-x86_64-mingw32/bin/../lib/gcc/nios2-elf/10.1.1/../../../../../H-x86_64-mingw32/nios2-elf/lib/mno-hw-mul\libc.a(lib_a-memchr.o)
 .text.memchr   0x0000000000012d44       0xd0 c:/intelfpga_lite/20.1/nios2eds/bin/gnu/h-x86_64-mingw32/bin/../lib/gcc/nios2-elf/10.1.1/../../../../../H-x86_64-mingw32/nios2-elf/lib/mno-hw-mul\libc.a(lib_a-memchr.o)
                0x0000000000012d44                memchr
 .text          0x0000000000012e14        0x0 c:/intelfpga_lite/20.1/nios2eds/bin/gnu/h-x86_64-mingw32/bin/../lib/gcc/nios2-elf/10.1.1/../../../../../H-x86_64-mingw32/nios2-elf/lib/mno-hw-mul\libc.a(lib_a-memcmp.o)
 .text.memcmp   0x0000000000012e14       0x78 c:/intelfpga_lite/20.1/nios2eds/bin/gnu/h-x86_64-mingw32/bin/../lib/gcc/nios2-elf/10.1.1/../../../../../H-x86_64-mingw32/nios2-elf/lib/mno-hw-mul\libc.a(lib_a-memcmp.o)
                0x0000000000012e14                memcmp
 .text          0x0000000000012e8c        0x0 c:/intelfpga_lite/20.1/nios2eds/bin/gnu/h-x86_64-mingw32/bin/../lib/gcc/nios2-elf/10.1.1/../../../../../H-x86_64-mingw32/nios2-elf/lib/mno-hw-mul\libc.a(lib_a-memcpy.o)
 .text.memcpy   0x0000000000012e8c      0x100 c:/intelfpga_lite/20.1/nios2eds/bin/gnu/h-x86_64-mingw32/bin/../lib/gcc/nios2-elf/10.1.1/../../../../../H-x86_64-mingw32/nios2-elf/lib/mno-hw-mul\libc.a(lib_a-memcpy.o)
                0x0000000000012e8c                memcpy
 .text          0x0000000000012f8c        0x0 c:/intelfpga_lite/20.1/nios2eds/bin/gnu/h-x86_64-mingw32/bin/../lib/gcc/nios2-elf/10.1.1/../../../../../H-x86_64-mingw32/nios2-elf/lib/mno-hw-mul\libc.a(lib_a-memmove.o)
 .text.memmove  0x0000000000012f8c      0x12c c:/intelfpga_lite/20.1/nios2eds/bin/gnu/h-x86_64-mingw32/bin/../lib/gcc/nios2-elf/10.1.1/../../../../../H-x86_64-mingw32/nios2-elf/lib/mno-hw-mul\libc.a(lib_a-memmove.o)
                0x0000000000012f8c                memmove
 .text          0x00000000000130b8        0x0 c:/intelfpga_lite/20.1/nios2eds/bin/gnu/h-x86_64-mingw32/bin/../lib/gcc/nios2-elf/10.1.1/../../../../../H-x86_64-mingw32/nios2-elf/lib/mno-hw-mul\libc.a(lib_a-reallocr.o)
 .text._realloc_r
                0x00000000000130b8      0x564 c:/intelfpga_lite/20.1/nios2eds/bin/gnu/h-x86_64-mingw32/bin/../lib/gcc/nios2-elf/10.1.1/../../../../../H-x86_64-mingw32/nios2-elf/lib/mno-hw-mul\libc.a(lib_a-reallocr.o)
                0x00000000000130b8                _realloc_r
 .text          0x000000000001361c        0x0 c:/intelfpga_lite/20.1/nios2eds/bin/gnu/h-x86_64-mingw32/bin/../lib/gcc/nios2-elf/10.1.1/../../../../../H-x86_64-mingw32/nios2-elf/lib/mno-hw-mul\libc.a(lib_a-sbrkr.o)
 .text._sbrk_r  0x000000000001361c       0x58 c:/intelfpga_lite/20.1/nios2eds/bin/gnu/h-x86_64-mingw32/bin/../lib/gcc/nios2-elf/10.1.1/../../../../../H-x86_64-mingw32/nios2-elf/lib/mno-hw-mul\libc.a(lib_a-sbrkr.o)
                0x000000000001361c                _sbrk_r
 .text          0x0000000000013674        0x0 c:/intelfpga_lite/20.1/nios2eds/bin/gnu/h-x86_64-mingw32/bin/../lib/gcc/nios2-elf/10.1.1/../../../../../H-x86_64-mingw32/nios2-elf/lib/mno-hw-mul\libc.a(lib_a-strlen.o)
 .text.strlen   0x0000000000013674       0x98 c:/intelfpga_lite/20.1/nios2eds/bin/gnu/h-x86_64-mingw32/bin/../lib/gcc/nios2-elf/10.1.1/../../../../../H-x86_64-mingw32/nios2-elf/lib/mno-hw-mul\libc.a(lib_a-strlen.o)
                0x0000000000013674                strlen
 .text          0x000000000001370c        0x0 c:/intelfpga_lite/20.1/nios2eds/bin/gnu/h-x86_64-mingw32/bin/../lib/gcc/nios2-elf/10.1.1/../../../../../H-x86_64-mingw32/nios2-elf/lib/mno-hw-mul\libc.a(lib_a-wsetup.o)
 .text.__swsetup_r
                0x000000000001370c      0x164 c:/intelfpga_lite/20.1/nios2eds/bin/gnu/h-x86_64-mingw32/bin/../lib/gcc/nios2-elf/10.1.1/../../../../../H-x86_64-mingw32/nios2-elf/lib/mno-hw-mul\libc.a(lib_a-wsetup.o)
                0x000000000001370c                __swsetup_r
 .text          0x0000000000013870        0x0 c:/intelfpga_lite/20.1/nios2eds/bin/gnu/h-x86_64-mingw32/bin/../lib/gcc/nios2-elf/10.1.1/../../../../../H-x86_64-mingw32/nios2-elf/lib/mno-hw-mul\libc.a(lib_a-__atexit.o)
 .text.__register_exitproc
                0x0000000000013870       0x90 c:/intelfpga_lite/20.1/nios2eds/bin/gnu/h-x86_64-mingw32/bin/../lib/gcc/nios2-elf/10.1.1/../../../../../H-x86_64-mingw32/nios2-elf/lib/mno-hw-mul\libc.a(lib_a-__atexit.o)
                0x0000000000013870                __register_exitproc
 .text          0x0000000000013900        0x0 c:/intelfpga_lite/20.1/nios2eds/bin/gnu/h-x86_64-mingw32/bin/../lib/gcc/nios2-elf/10.1.1/../../../../../H-x86_64-mingw32/nios2-elf/lib/mno-hw-mul\libc.a(lib_a-__call_atexit.o)
 .text.__call_exitprocs
                0x0000000000013900      0x120 c:/intelfpga_lite/20.1/nios2eds/bin/gnu/h-x86_64-mingw32/bin/../lib/gcc/nios2-elf/10.1.1/../../../../../H-x86_64-mingw32/nios2-elf/lib/mno-hw-mul\libc.a(lib_a-__call_atexit.o)
                0x0000000000013900                __call_exitprocs
 .text          0x0000000000013a20        0x0 c:/intelfpga_lite/20.1/nios2eds/bin/gnu/h-x86_64-mingw32/bin/../lib/gcc/nios2-elf/10.1.1/../../../../../H-x86_64-mingw32/nios2-elf/lib/mno-hw-mul\libc.a(lib_a-fflush.o)
 .text.__sflush_r
                0x0000000000013a20      0x228 c:/intelfpga_lite/20.1/nios2eds/bin/gnu/h-x86_64-mingw32/bin/../lib/gcc/nios2-elf/10.1.1/../../../../../H-x86_64-mingw32/nios2-elf/lib/mno-hw-mul\libc.a(lib_a-fflush.o)
                0x0000000000013a20                __sflush_r
 .text._fflush_r
                0x0000000000013c48       0x60 c:/intelfpga_lite/20.1/nios2eds/bin/gnu/h-x86_64-mingw32/bin/../lib/gcc/nios2-elf/10.1.1/../../../../../H-x86_64-mingw32/nios2-elf/lib/mno-hw-mul\libc.a(lib_a-fflush.o)
                0x0000000000013c48                _fflush_r
 .text.fflush   0x0000000000013ca8       0x84 c:/intelfpga_lite/20.1/nios2eds/bin/gnu/h-x86_64-mingw32/bin/../lib/gcc/nios2-elf/10.1.1/../../../../../H-x86_64-mingw32/nios2-elf/lib/mno-hw-mul\libc.a(lib_a-fflush.o)
                0x0000000000013ca8                fflush
 .text          0x0000000000013d2c        0x0 c:/intelfpga_lite/20.1/nios2eds/bin/gnu/h-x86_64-mingw32/bin/../lib/gcc/nios2-elf/10.1.1/../../../../../H-x86_64-mingw32/nios2-elf/lib/mno-hw-mul\libc.a(lib_a-findfp.o)
 .text.__fp_lock
                0x0000000000013d2c        0x8 c:/intelfpga_lite/20.1/nios2eds/bin/gnu/h-x86_64-mingw32/bin/../lib/gcc/nios2-elf/10.1.1/../../../../../H-x86_64-mingw32/nios2-elf/lib/mno-hw-mul\libc.a(lib_a-findfp.o)
 .text._cleanup_r
                0x0000000000013d34        0xc c:/intelfpga_lite/20.1/nios2eds/bin/gnu/h-x86_64-mingw32/bin/../lib/gcc/nios2-elf/10.1.1/../../../../../H-x86_64-mingw32/nios2-elf/lib/mno-hw-mul\libc.a(lib_a-findfp.o)
                0x0000000000013d34                _cleanup_r
 .text.__fp_unlock
                0x0000000000013d40        0x8 c:/intelfpga_lite/20.1/nios2eds/bin/gnu/h-x86_64-mingw32/bin/../lib/gcc/nios2-elf/10.1.1/../../../../../H-x86_64-mingw32/nios2-elf/lib/mno-hw-mul\libc.a(lib_a-findfp.o)
 .text.__sinit.part.0
                0x0000000000013d48      0x168 c:/intelfpga_lite/20.1/nios2eds/bin/gnu/h-x86_64-mingw32/bin/../lib/gcc/nios2-elf/10.1.1/../../../../../H-x86_64-mingw32/nios2-elf/lib/mno-hw-mul\libc.a(lib_a-findfp.o)
 .text.__sfmoreglue
                0x0000000000013eb0       0x78 c:/intelfpga_lite/20.1/nios2eds/bin/gnu/h-x86_64-mingw32/bin/../lib/gcc/nios2-elf/10.1.1/../../../../../H-x86_64-mingw32/nios2-elf/lib/mno-hw-mul\libc.a(lib_a-findfp.o)
                0x0000000000013eb0                __sfmoreglue
 .text.__sfp    0x0000000000013f28      0x154 c:/intelfpga_lite/20.1/nios2eds/bin/gnu/h-x86_64-mingw32/bin/../lib/gcc/nios2-elf/10.1.1/../../../../../H-x86_64-mingw32/nios2-elf/lib/mno-hw-mul\libc.a(lib_a-findfp.o)
                0x0000000000013f28                __sfp
 .text._cleanup
                0x000000000001407c       0x14 c:/intelfpga_lite/20.1/nios2eds/bin/gnu/h-x86_64-mingw32/bin/../lib/gcc/nios2-elf/10.1.1/../../../../../H-x86_64-mingw32/nios2-elf/lib/mno-hw-mul\libc.a(lib_a-findfp.o)
                0x000000000001407c                _cleanup
 .text.__sinit  0x0000000000014090       0x10 c:/intelfpga_lite/20.1/nios2eds/bin/gnu/h-x86_64-mingw32/bin/../lib/gcc/nios2-elf/10.1.1/../../../../../H-x86_64-mingw32/nios2-elf/lib/mno-hw-mul\libc.a(lib_a-findfp.o)
                0x0000000000014090                __sinit
 .text.__sfp_lock_acquire
                0x00000000000140a0        0x4 c:/intelfpga_lite/20.1/nios2eds/bin/gnu/h-x86_64-mingw32/bin/../lib/gcc/nios2-elf/10.1.1/../../../../../H-x86_64-mingw32/nios2-elf/lib/mno-hw-mul\libc.a(lib_a-findfp.o)
                0x00000000000140a0                __sfp_lock_acquire
 .text.__sfp_lock_release
                0x00000000000140a4        0x4 c:/intelfpga_lite/20.1/nios2eds/bin/gnu/h-x86_64-mingw32/bin/../lib/gcc/nios2-elf/10.1.1/../../../../../H-x86_64-mingw32/nios2-elf/lib/mno-hw-mul\libc.a(lib_a-findfp.o)
                0x00000000000140a4                __sfp_lock_release
 .text.__sinit_lock_acquire
                0x00000000000140a8        0x4 c:/intelfpga_lite/20.1/nios2eds/bin/gnu/h-x86_64-mingw32/bin/../lib/gcc/nios2-elf/10.1.1/../../../../../H-x86_64-mingw32/nios2-elf/lib/mno-hw-mul\libc.a(lib_a-findfp.o)
                0x00000000000140a8                __sinit_lock_acquire
 .text.__sinit_lock_release
                0x00000000000140ac        0x4 c:/intelfpga_lite/20.1/nios2eds/bin/gnu/h-x86_64-mingw32/bin/../lib/gcc/nios2-elf/10.1.1/../../../../../H-x86_64-mingw32/nios2-elf/lib/mno-hw-mul\libc.a(lib_a-findfp.o)
                0x00000000000140ac                __sinit_lock_release
 .text.__fp_lock_all
                0x00000000000140b0       0x14 c:/intelfpga_lite/20.1/nios2eds/bin/gnu/h-x86_64-mingw32/bin/../lib/gcc/nios2-elf/10.1.1/../../../../../H-x86_64-mingw32/nios2-elf/lib/mno-hw-mul\libc.a(lib_a-findfp.o)
                0x00000000000140b0                __fp_lock_all
 .text.__fp_unlock_all
                0x00000000000140c4       0x14 c:/intelfpga_lite/20.1/nios2eds/bin/gnu/h-x86_64-mingw32/bin/../lib/gcc/nios2-elf/10.1.1/../../../../../H-x86_64-mingw32/nios2-elf/lib/mno-hw-mul\libc.a(lib_a-findfp.o)
                0x00000000000140c4                __fp_unlock_all
 .text          0x00000000000140d8        0x0 c:/intelfpga_lite/20.1/nios2eds/bin/gnu/h-x86_64-mingw32/bin/../lib/gcc/nios2-elf/10.1.1/../../../../../H-x86_64-mingw32/nios2-elf/lib/mno-hw-mul\libc.a(lib_a-freer.o)
 .text._malloc_trim_r
                0x00000000000140d8      0x11c c:/intelfpga_lite/20.1/nios2eds/bin/gnu/h-x86_64-mingw32/bin/../lib/gcc/nios2-elf/10.1.1/../../../../../H-x86_64-mingw32/nios2-elf/lib/mno-hw-mul\libc.a(lib_a-freer.o)
                0x00000000000140d8                _malloc_trim_r
 .text._free_r  0x00000000000141f4      0x2fc c:/intelfpga_lite/20.1/nios2eds/bin/gnu/h-x86_64-mingw32/bin/../lib/gcc/nios2-elf/10.1.1/../../../../../H-x86_64-mingw32/nios2-elf/lib/mno-hw-mul\libc.a(lib_a-freer.o)
                0x00000000000141f4                _free_r
 .text          0x00000000000144f0        0x0 c:/intelfpga_lite/20.1/nios2eds/bin/gnu/h-x86_64-mingw32/bin/../lib/gcc/nios2-elf/10.1.1/../../../../../H-x86_64-mingw32/nios2-elf/lib/mno-hw-mul\libc.a(lib_a-fwalk.o)
 .text._fwalk   0x00000000000144f0       0x98 c:/intelfpga_lite/20.1/nios2eds/bin/gnu/h-x86_64-mingw32/bin/../lib/gcc/nios2-elf/10.1.1/../../../../../H-x86_64-mingw32/nios2-elf/lib/mno-hw-mul\libc.a(lib_a-fwalk.o)
                0x00000000000144f0                _fwalk
 .text._fwalk_reent
                0x0000000000014588       0xa8 c:/intelfpga_lite/20.1/nios2eds/bin/gnu/h-x86_64-mingw32/bin/../lib/gcc/nios2-elf/10.1.1/../../../../../H-x86_64-mingw32/nios2-elf/lib/mno-hw-mul\libc.a(lib_a-fwalk.o)
                0x0000000000014588                _fwalk_reent
 .text          0x0000000000014630        0x0 c:/intelfpga_lite/20.1/nios2eds/bin/gnu/h-x86_64-mingw32/bin/../lib/gcc/nios2-elf/10.1.1/../../../../../H-x86_64-mingw32/nios2-elf/lib/mno-hw-mul\libc.a(lib_a-makebuf.o)
 .text.__smakebuf_r
                0x0000000000014630      0x1b0 c:/intelfpga_lite/20.1/nios2eds/bin/gnu/h-x86_64-mingw32/bin/../lib/gcc/nios2-elf/10.1.1/../../../../../H-x86_64-mingw32/nios2-elf/lib/mno-hw-mul\libc.a(lib_a-makebuf.o)
                0x0000000000014630                __smakebuf_r
 .text.__swhatbuf_r
                0x00000000000147e0       0x98 c:/intelfpga_lite/20.1/nios2eds/bin/gnu/h-x86_64-mingw32/bin/../lib/gcc/nios2-elf/10.1.1/../../../../../H-x86_64-mingw32/nios2-elf/lib/mno-hw-mul\libc.a(lib_a-makebuf.o)
                0x00000000000147e0                __swhatbuf_r
 .text          0x0000000000014878        0x0 c:/intelfpga_lite/20.1/nios2eds/bin/gnu/h-x86_64-mingw32/bin/../lib/gcc/nios2-elf/10.1.1/../../../../../H-x86_64-mingw32/nios2-elf/lib/mno-hw-mul\libc.a(lib_a-memset.o)
 .text.memset   0x0000000000014878       0xf0 c:/intelfpga_lite/20.1/nios2eds/bin/gnu/h-x86_64-mingw32/bin/../lib/gcc/nios2-elf/10.1.1/../../../../../H-x86_64-mingw32/nios2-elf/lib/mno-hw-mul\libc.a(lib_a-memset.o)
                0x0000000000014878                memset
 .text          0x0000000000014968        0x0 c:/intelfpga_lite/20.1/nios2eds/bin/gnu/h-x86_64-mingw32/bin/../lib/gcc/nios2-elf/10.1.1/../../../../../H-x86_64-mingw32/nios2-elf/lib/mno-hw-mul\libc.a(lib_a-stdio.o)
 .text.__sread  0x0000000000014968       0x54 c:/intelfpga_lite/20.1/nios2eds/bin/gnu/h-x86_64-mingw32/bin/../lib/gcc/nios2-elf/10.1.1/../../../../../H-x86_64-mingw32/nios2-elf/lib/mno-hw-mul\libc.a(lib_a-stdio.o)
                0x0000000000014968                __sread
 .text.__seofread
                0x00000000000149bc        0x8 c:/intelfpga_lite/20.1/nios2eds/bin/gnu/h-x86_64-mingw32/bin/../lib/gcc/nios2-elf/10.1.1/../../../../../H-x86_64-mingw32/nios2-elf/lib/mno-hw-mul\libc.a(lib_a-stdio.o)
                0x00000000000149bc                __seofread
 .text.__swrite
                0x00000000000149c4       0x80 c:/intelfpga_lite/20.1/nios2eds/bin/gnu/h-x86_64-mingw32/bin/../lib/gcc/nios2-elf/10.1.1/../../../../../H-x86_64-mingw32/nios2-elf/lib/mno-hw-mul\libc.a(lib_a-stdio.o)
                0x00000000000149c4                __swrite
 .text.__sseek  0x0000000000014a44       0x5c c:/intelfpga_lite/20.1/nios2eds/bin/gnu/h-x86_64-mingw32/bin/../lib/gcc/nios2-elf/10.1.1/../../../../../H-x86_64-mingw32/nios2-elf/lib/mno-hw-mul\libc.a(lib_a-stdio.o)
                0x0000000000014a44                __sseek
 .text.__sclose
                0x0000000000014aa0        0x8 c:/intelfpga_lite/20.1/nios2eds/bin/gnu/h-x86_64-mingw32/bin/../lib/gcc/nios2-elf/10.1.1/../../../../../H-x86_64-mingw32/nios2-elf/lib/mno-hw-mul\libc.a(lib_a-stdio.o)
                0x0000000000014aa0                __sclose
 .text          0x0000000000014aa8        0x0 c:/intelfpga_lite/20.1/nios2eds/bin/gnu/h-x86_64-mingw32/bin/../lib/gcc/nios2-elf/10.1.1/../../../../../H-x86_64-mingw32/nios2-elf/lib/mno-hw-mul\libc.a(lib_a-writer.o)
 .text._write_r
                0x0000000000014aa8       0x64 c:/intelfpga_lite/20.1/nios2eds/bin/gnu/h-x86_64-mingw32/bin/../lib/gcc/nios2-elf/10.1.1/../../../../../H-x86_64-mingw32/nios2-elf/lib/mno-hw-mul\libc.a(lib_a-writer.o)
                0x0000000000014aa8                _write_r
 .text          0x0000000000014b0c        0x0 c:/intelfpga_lite/20.1/nios2eds/bin/gnu/h-x86_64-mingw32/bin/../lib/gcc/nios2-elf/10.1.1/../../../../../H-x86_64-mingw32/nios2-elf/lib/mno-hw-mul\libc.a(closer.o)
 .text._close_r
                0x0000000000014b0c       0x58 c:/intelfpga_lite/20.1/nios2eds/bin/gnu/h-x86_64-mingw32/bin/../lib/gcc/nios2-elf/10.1.1/../../../../../H-x86_64-mingw32/nios2-elf/lib/mno-hw-mul\libc.a(closer.o)
                0x0000000000014b0c                _close_r
 .text          0x0000000000014b64        0x0 c:/intelfpga_lite/20.1/nios2eds/bin/gnu/h-x86_64-mingw32/bin/../lib/gcc/nios2-elf/10.1.1/../../../../../H-x86_64-mingw32/nios2-elf/lib/mno-hw-mul\libc.a(lib_a-fclose.o)
 .text._fclose_r.part.0
                0x0000000000014b64       0xc0 c:/intelfpga_lite/20.1/nios2eds/bin/gnu/h-x86_64-mingw32/bin/../lib/gcc/nios2-elf/10.1.1/../../../../../H-x86_64-mingw32/nios2-elf/lib/mno-hw-mul\libc.a(lib_a-fclose.o)
 .text._fclose_r
                0x0000000000014c24       0x70 c:/intelfpga_lite/20.1/nios2eds/bin/gnu/h-x86_64-mingw32/bin/../lib/gcc/nios2-elf/10.1.1/../../../../../H-x86_64-mingw32/nios2-elf/lib/mno-hw-mul\libc.a(lib_a-fclose.o)
                0x0000000000014c24                _fclose_r
 .text.fclose   0x0000000000014c94       0x70 c:/intelfpga_lite/20.1/nios2eds/bin/gnu/h-x86_64-mingw32/bin/../lib/gcc/nios2-elf/10.1.1/../../../../../H-x86_64-mingw32/nios2-elf/lib/mno-hw-mul\libc.a(lib_a-fclose.o)
                0x0000000000014c94                fclose
 .text          0x0000000000014d04        0x0 c:/intelfpga_lite/20.1/nios2eds/bin/gnu/h-x86_64-mingw32/bin/../lib/gcc/nios2-elf/10.1.1/../../../../../H-x86_64-mingw32/nios2-elf/lib/mno-hw-mul\libc.a(lib_a-fstatr.o)
 .text._fstat_r
                0x0000000000014d04       0x60 c:/intelfpga_lite/20.1/nios2eds/bin/gnu/h-x86_64-mingw32/bin/../lib/gcc/nios2-elf/10.1.1/../../../../../H-x86_64-mingw32/nios2-elf/lib/mno-hw-mul\libc.a(lib_a-fstatr.o)
                0x0000000000014d04                _fstat_r
 .text          0x0000000000014d64        0x0 c:/intelfpga_lite/20.1/nios2eds/bin/gnu/h-x86_64-mingw32/bin/../lib/gcc/nios2-elf/10.1.1/../../../../../H-x86_64-mingw32/nios2-elf/lib/mno-hw-mul\libc.a(lib_a-isattyr.o)
 .text._isatty_r
                0x0000000000014d64       0x58 c:/intelfpga_lite/20.1/nios2eds/bin/gnu/h-x86_64-mingw32/bin/../lib/gcc/nios2-elf/10.1.1/../../../../../H-x86_64-mingw32/nios2-elf/lib/mno-hw-mul\libc.a(lib_a-isattyr.o)
                0x0000000000014d64                _isatty_r
 .text          0x0000000000014dbc        0x0 c:/intelfpga_lite/20.1/nios2eds/bin/gnu/h-x86_64-mingw32/bin/../lib/gcc/nios2-elf/10.1.1/../../../../../H-x86_64-mingw32/nios2-elf/lib/mno-hw-mul\libc.a(lib_a-lseekr.o)
 .text._lseek_r
                0x0000000000014dbc       0x64 c:/intelfpga_lite/20.1/nios2eds/bin/gnu/h-x86_64-mingw32/bin/../lib/gcc/nios2-elf/10.1.1/../../../../../H-x86_64-mingw32/nios2-elf/lib/mno-hw-mul\libc.a(lib_a-lseekr.o)
                0x0000000000014dbc                _lseek_r
 .text          0x0000000000014e20        0x0 c:/intelfpga_lite/20.1/nios2eds/bin/gnu/h-x86_64-mingw32/bin/../lib/gcc/nios2-elf/10.1.1/../../../../../H-x86_64-mingw32/nios2-elf/lib/mno-hw-mul\libc.a(lib_a-readr.o)
 .text._read_r  0x0000000000014e20       0x64 c:/intelfpga_lite/20.1/nios2eds/bin/gnu/h-x86_64-mingw32/bin/../lib/gcc/nios2-elf/10.1.1/../../../../../H-x86_64-mingw32/nios2-elf/lib/mno-hw-mul\libc.a(lib_a-readr.o)
                0x0000000000014e20                _read_r
 .text          0x0000000000014e84      0x1b4 c:/intelfpga_lite/20.1/nios2eds/bin/gnu/h-x86_64-mingw32/bin/../lib/gcc/nios2-elf/10.1.1/mno-hw-mul\libgcc.a(lib2-divmod.o)
                0x0000000000014e84                __divsi3
                0x0000000000014f04                __modsi3
                0x0000000000014f78                __udivsi3
                0x0000000000014fdc                __umodsi3
 .text          0x0000000000015038       0x28 c:/intelfpga_lite/20.1/nios2eds/bin/gnu/h-x86_64-mingw32/bin/../lib/gcc/nios2-elf/10.1.1/mno-hw-mul\libgcc.a(lib2-mul.o)
                0x0000000000015038                __mulsi3
 .text          0x0000000000015060       0x38 c:/intelFPGA_lite/ip_labs/cw/quartus_v2/Golden_Top/software/cw2_bsp/\libhal_bsp.a(alt_exit.o)
                0x0000000000015060                _exit
 .text          0x0000000000015098       0xf8 c:/intelFPGA_lite/ip_labs/cw/quartus_v2/Golden_Top/software/cw2_bsp/\libhal_bsp.a(alt_fstat.o)
                0x00000000000150d4                fstat
 .text          0x0000000000015190       0xec c:/intelFPGA_lite/ip_labs/cw/quartus_v2/Golden_Top/software/cw2_bsp/\libhal_bsp.a(alt_isatty.o)
                0x00000000000151cc                isatty
 .text          0x000000000001527c      0x11c c:/intelFPGA_lite/ip_labs/cw/quartus_v2/Golden_Top/software/cw2_bsp/\libhal_bsp.a(alt_lseek.o)
                0x00000000000152b8                lseek
 .text          0x0000000000015398       0x48 c:/intelFPGA_lite/ip_labs/cw/quartus_v2/Golden_Top/software/cw2_bsp/\libhal_bsp.a(alt_malloc_lock.o)
                0x0000000000015398                __malloc_lock
                0x00000000000153bc                __malloc_unlock
 .text          0x00000000000153e0      0x144 c:/intelFPGA_lite/ip_labs/cw/quartus_v2/Golden_Top/software/cw2_bsp/\libhal_bsp.a(alt_read.o)
                0x000000000001541c                read
 .text          0x0000000000015524       0xb8 c:/intelFPGA_lite/ip_labs/cw/quartus_v2/Golden_Top/software/cw2_bsp/\libhal_bsp.a(alt_sbrk.o)
                0x0000000000015524                sbrk
 .text          0x00000000000155dc      0x140 c:/intelFPGA_lite/ip_labs/cw/quartus_v2/Golden_Top/software/cw2_bsp/\libhal_bsp.a(alt_write.o)
                0x0000000000015618                write
 *(.gnu.warning.*)
 *(.fini)
                [!provide]                        PROVIDE (__etext = ABSOLUTE (.))
                [!provide]                        PROVIDE (_etext = ABSOLUTE (.))
                [!provide]                        PROVIDE (etext = ABSOLUTE (.))
 *(.eh_frame_hdr)
                0x000000000001571c                . = ALIGN (0x4)
                [!provide]                        PROVIDE (__preinit_array_start = ABSOLUTE (.))
 *(.preinit_array)
                [!provide]                        PROVIDE (__preinit_array_end = ABSOLUTE (.))
                [!provide]                        PROVIDE (__init_array_start = ABSOLUTE (.))
 *(.init_array)
                [!provide]                        PROVIDE (__init_array_end = ABSOLUTE (.))
                [!provide]                        PROVIDE (__fini_array_start = ABSOLUTE (.))
 *(.fini_array)
                [!provide]                        PROVIDE (__fini_array_end = ABSOLUTE (.))
 *(.eh_frame)
 *(.gcc_except_table .gcc_except_table.*)
 *(.dynamic)
                0x000000000001571c                PROVIDE (__CTOR_LIST__ = ABSOLUTE (.))
 *(.ctors)
 *(SORT_BY_NAME(.ctors.*))
                0x000000000001571c                PROVIDE (__CTOR_END__ = ABSOLUTE (.))
                0x000000000001571c                PROVIDE (__DTOR_LIST__ = ABSOLUTE (.))
 *(.dtors)
 *(SORT_BY_NAME(.dtors.*))
                0x000000000001571c                PROVIDE (__DTOR_END__ = ABSOLUTE (.))
 *(.jcr)
                0x000000000001571c                . = ALIGN (0x4)

.rodata         0x000000000001571c       0x5c
                0x000000000001571c                PROVIDE (__ram_rodata_start = ABSOLUTE (.))
                0x000000000001571c                . = ALIGN (0x4)
 *(.rodata .rodata.* .gnu.linkonce.r.*)
 .rodata        0x000000000001571c       0x15 obj/default/hello_world.o
 *fill*         0x0000000000015731        0x3 
 .rodata        0x0000000000015734        0xf c:/intelFPGA_lite/ip_labs/cw/quartus_v2/Golden_Top/software/cw2_bsp/\libhal_bsp.a(alt_main.o)
 *fill*         0x0000000000015743        0x1 
 .rodata        0x0000000000015744       0x27 c:/intelFPGA_lite/ip_labs/cw/quartus_v2/Golden_Top/software/cw2_bsp/\libhal_bsp.a(alt_sys_init.o)
 *fill*         0x000000000001576b        0x1 
 .rodata        0x000000000001576c        0xa c:/intelFPGA_lite/ip_labs/cw/quartus_v2/Golden_Top/software/cw2_bsp/\libhal_bsp.a(alt_dev.o)
 *(.rodata1)
                0x0000000000015778                . = ALIGN (0x4)
 *fill*         0x0000000000015776        0x2 
                0x0000000000015778                PROVIDE (__ram_rodata_end = ABSOLUTE (.))
                0x000000000001571c                PROVIDE (__flash_rodata_start = LOADADDR (.rodata))

.rwdata         0x0000000000015778     0x1a98 load address 0x0000000000017210
                0x0000000000015778                PROVIDE (__ram_rwdata_start = ABSOLUTE (.))
                0x0000000000015778                . = ALIGN (0x4)
 *(.got.plt)
 *(.got)
 *(.data1)
 *(.data .data.* .gnu.linkonce.d.*)
 .data          0x0000000000015778        0x0 c:/intelFPGA_lite/ip_labs/cw/quartus_v2/Golden_Top/software/cw2_bsp//obj/HAL/src/crt0.o
 .data          0x0000000000015778        0x0 obj/default/hello_world.o
 .data          0x0000000000015778        0x0 c:/intelFPGA_lite/ip_labs/cw/quartus_v2/Golden_Top/software/cw2_bsp/\libhal_bsp.a(alt_load.o)
 .data          0x0000000000015778        0x0 c:/intelFPGA_lite/ip_labs/cw/quartus_v2/Golden_Top/software/cw2_bsp/\libhal_bsp.a(alt_main.o)
 .data          0x0000000000015778        0x0 c:/intelFPGA_lite/ip_labs/cw/quartus_v2/Golden_Top/software/cw2_bsp/\libhal_bsp.a(alt_putstr.o)
 .data          0x0000000000015778     0x108c c:/intelFPGA_lite/ip_labs/cw/quartus_v2/Golden_Top/software/cw2_bsp/\libhal_bsp.a(alt_sys_init.o)
 .data          0x0000000000016804        0x0 c:/intelFPGA_lite/ip_labs/cw/quartus_v2/Golden_Top/software/cw2_bsp/\libhal_bsp.a(altera_avalon_jtag_uart_fd.o)
 .data          0x0000000000016804        0x0 c:/intelFPGA_lite/ip_labs/cw/quartus_v2/Golden_Top/software/cw2_bsp/\libhal_bsp.a(altera_avalon_jtag_uart_init.o)
 .data          0x0000000000016804        0x0 c:/intelFPGA_lite/ip_labs/cw/quartus_v2/Golden_Top/software/cw2_bsp/\libhal_bsp.a(altera_avalon_jtag_uart_ioctl.o)
 .data          0x0000000000016804        0x0 c:/intelFPGA_lite/ip_labs/cw/quartus_v2/Golden_Top/software/cw2_bsp/\libhal_bsp.a(altera_avalon_jtag_uart_read.o)
 .data          0x0000000000016804        0x0 c:/intelFPGA_lite/ip_labs/cw/quartus_v2/Golden_Top/software/cw2_bsp/\libhal_bsp.a(altera_avalon_jtag_uart_write.o)
 .data          0x0000000000016804        0x0 c:/intelFPGA_lite/ip_labs/cw/quartus_v2/Golden_Top/software/cw2_bsp/\libhal_bsp.a(altera_avalon_timer_sc.o)
 .data          0x0000000000016804        0x0 c:/intelFPGA_lite/ip_labs/cw/quartus_v2/Golden_Top/software/cw2_bsp/\libhal_bsp.a(alt_alarm_start.o)
 .data          0x0000000000016804        0x0 c:/intelFPGA_lite/ip_labs/cw/quartus_v2/Golden_Top/software/cw2_bsp/\libhal_bsp.a(alt_close.o)
 .data          0x0000000000016804        0x0 c:/intelFPGA_lite/ip_labs/cw/quartus_v2/Golden_Top/software/cw2_bsp/\libhal_bsp.a(alt_dcache_flush_all.o)
 .data          0x0000000000016804      0x1a8 c:/intelFPGA_lite/ip_labs/cw/quartus_v2/Golden_Top/software/cw2_bsp/\libhal_bsp.a(alt_dev.o)
                0x0000000000016804                alt_dev_null
                0x000000000001682c                alt_fd_list
 .data          0x00000000000169ac        0x0 c:/intelFPGA_lite/ip_labs/cw/quartus_v2/Golden_Top/software/cw2_bsp/\libhal_bsp.a(alt_dev_llist_insert.o)
 .data          0x00000000000169ac        0x0 c:/intelFPGA_lite/ip_labs/cw/quartus_v2/Golden_Top/software/cw2_bsp/\libhal_bsp.a(alt_do_ctors.o)
 .data          0x00000000000169ac        0x0 c:/intelFPGA_lite/ip_labs/cw/quartus_v2/Golden_Top/software/cw2_bsp/\libhal_bsp.a(alt_do_dtors.o)
 .data          0x00000000000169ac        0x0 c:/intelFPGA_lite/ip_labs/cw/quartus_v2/Golden_Top/software/cw2_bsp/\libhal_bsp.a(alt_errno.o)
 .data          0x00000000000169ac        0x0 c:/intelFPGA_lite/ip_labs/cw/quartus_v2/Golden_Top/software/cw2_bsp/\libhal_bsp.a(alt_icache_flush_all.o)
 .data          0x00000000000169ac        0x0 c:/intelFPGA_lite/ip_labs/cw/quartus_v2/Golden_Top/software/cw2_bsp/\libhal_bsp.a(alt_io_redirect.o)
 .data          0x00000000000169ac        0x0 c:/intelFPGA_lite/ip_labs/cw/quartus_v2/Golden_Top/software/cw2_bsp/\libhal_bsp.a(alt_irq_register.o)
 .data          0x00000000000169ac        0x0 c:/intelFPGA_lite/ip_labs/cw/quartus_v2/Golden_Top/software/cw2_bsp/\libhal_bsp.a(alt_irq_vars.o)
 .data          0x00000000000169ac        0x0 c:/intelFPGA_lite/ip_labs/cw/quartus_v2/Golden_Top/software/cw2_bsp/\libhal_bsp.a(alt_open.o)
 .data          0x00000000000169ac        0x0 c:/intelFPGA_lite/ip_labs/cw/quartus_v2/Golden_Top/software/cw2_bsp/\libhal_bsp.a(alt_release_fd.o)
 .data          0x00000000000169ac        0x0 c:/intelFPGA_lite/ip_labs/cw/quartus_v2/Golden_Top/software/cw2_bsp/\libhal_bsp.a(alt_tick.o)
 .data          0x00000000000169ac        0x0 c:/intelFPGA_lite/ip_labs/cw/quartus_v2/Golden_Top/software/cw2_bsp/\libhal_bsp.a(altera_nios2_gen2_irq.o)
 .data          0x00000000000169ac        0x0 c:/intelFPGA_lite/ip_labs/cw/quartus_v2/Golden_Top/software/cw2_bsp/\libhal_bsp.a(alt_find_dev.o)
 .data          0x00000000000169ac        0x0 c:/intelFPGA_lite/ip_labs/cw/quartus_v2/Golden_Top/software/cw2_bsp/\libhal_bsp.a(alt_find_file.o)
 .data          0x00000000000169ac        0x0 c:/intelFPGA_lite/ip_labs/cw/quartus_v2/Golden_Top/software/cw2_bsp/\libhal_bsp.a(alt_get_fd.o)
 .data          0x00000000000169ac        0x0 c:/intelFPGA_lite/ip_labs/cw/quartus_v2/Golden_Top/software/cw2_bsp/\libhal_bsp.a(alt_irq_entry.o)
 .data          0x00000000000169ac        0x0 c:/intelFPGA_lite/ip_labs/cw/quartus_v2/Golden_Top/software/cw2_bsp/\libhal_bsp.a(alt_irq_handler.o)
 .data          0x00000000000169ac        0x0 c:/intelFPGA_lite/ip_labs/cw/quartus_v2/Golden_Top/software/cw2_bsp/\libhal_bsp.a(alt_exception_entry.o)
 .data          0x00000000000169ac        0x0 c:/intelFPGA_lite/ip_labs/cw/quartus_v2/Golden_Top/software/cw2_bsp/\libhal_bsp.a(alt_instruction_exception_entry.o)
 .data          0x00000000000169ac        0x0 c:/intelfpga_lite/20.1/nios2eds/bin/gnu/h-x86_64-mingw32/bin/../lib/gcc/nios2-elf/10.1.1/../../../../../H-x86_64-mingw32/nios2-elf/lib/mno-hw-mul\libc.a(lib_a-atexit.o)
 .data          0x00000000000169ac        0x0 c:/intelfpga_lite/20.1/nios2eds/bin/gnu/h-x86_64-mingw32/bin/../lib/gcc/nios2-elf/10.1.1/../../../../../H-x86_64-mingw32/nios2-elf/lib/mno-hw-mul\libc.a(lib_a-exit.o)
 .data          0x00000000000169ac        0x0 c:/intelfpga_lite/20.1/nios2eds/bin/gnu/h-x86_64-mingw32/bin/../lib/gcc/nios2-elf/10.1.1/../../../../../H-x86_64-mingw32/nios2-elf/lib/mno-hw-mul\libc.a(lib_a-fputs.o)
 .data          0x00000000000169ac        0x0 c:/intelfpga_lite/20.1/nios2eds/bin/gnu/h-x86_64-mingw32/bin/../lib/gcc/nios2-elf/10.1.1/../../../../../H-x86_64-mingw32/nios2-elf/lib/mno-hw-mul\libc.a(lib_a-fvwrite.o)
 .data          0x00000000000169ac        0x0 c:/intelfpga_lite/20.1/nios2eds/bin/gnu/h-x86_64-mingw32/bin/../lib/gcc/nios2-elf/10.1.1/../../../../../H-x86_64-mingw32/nios2-elf/lib/mno-hw-mul\libc.a(lib_a-impure.o)
 .data.impure_data
                0x00000000000169ac      0x424 c:/intelfpga_lite/20.1/nios2eds/bin/gnu/h-x86_64-mingw32/bin/../lib/gcc/nios2-elf/10.1.1/../../../../../H-x86_64-mingw32/nios2-elf/lib/mno-hw-mul\libc.a(lib_a-impure.o)
 .data          0x0000000000016dd0        0x0 c:/intelfpga_lite/20.1/nios2eds/bin/gnu/h-x86_64-mingw32/bin/../lib/gcc/nios2-elf/10.1.1/../../../../../H-x86_64-mingw32/nios2-elf/lib/mno-hw-mul\libc.a(lib_a-int_errno.o)
 .data          0x0000000000016dd0        0x0 c:/intelfpga_lite/20.1/nios2eds/bin/gnu/h-x86_64-mingw32/bin/../lib/gcc/nios2-elf/10.1.1/../../../../../H-x86_64-mingw32/nios2-elf/lib/mno-hw-mul\libc.a(lib_a-mallocr.o)
 .data.__malloc_av_
                0x0000000000016dd0      0x408 c:/intelfpga_lite/20.1/nios2eds/bin/gnu/h-x86_64-mingw32/bin/../lib/gcc/nios2-elf/10.1.1/../../../../../H-x86_64-mingw32/nios2-elf/lib/mno-hw-mul\libc.a(lib_a-mallocr.o)
                0x0000000000016dd0                __malloc_av_
 .data          0x00000000000171d8        0x0 c:/intelfpga_lite/20.1/nios2eds/bin/gnu/h-x86_64-mingw32/bin/../lib/gcc/nios2-elf/10.1.1/../../../../../H-x86_64-mingw32/nios2-elf/lib/mno-hw-mul\libc.a(lib_a-memchr.o)
 .data          0x00000000000171d8        0x0 c:/intelfpga_lite/20.1/nios2eds/bin/gnu/h-x86_64-mingw32/bin/../lib/gcc/nios2-elf/10.1.1/../../../../../H-x86_64-mingw32/nios2-elf/lib/mno-hw-mul\libc.a(lib_a-memcmp.o)
 .data          0x00000000000171d8        0x0 c:/intelfpga_lite/20.1/nios2eds/bin/gnu/h-x86_64-mingw32/bin/../lib/gcc/nios2-elf/10.1.1/../../../../../H-x86_64-mingw32/nios2-elf/lib/mno-hw-mul\libc.a(lib_a-memcpy.o)
 .data          0x00000000000171d8        0x0 c:/intelfpga_lite/20.1/nios2eds/bin/gnu/h-x86_64-mingw32/bin/../lib/gcc/nios2-elf/10.1.1/../../../../../H-x86_64-mingw32/nios2-elf/lib/mno-hw-mul\libc.a(lib_a-memmove.o)
 .data          0x00000000000171d8        0x0 c:/intelfpga_lite/20.1/nios2eds/bin/gnu/h-x86_64-mingw32/bin/../lib/gcc/nios2-elf/10.1.1/../../../../../H-x86_64-mingw32/nios2-elf/lib/mno-hw-mul\libc.a(lib_a-reallocr.o)
 .data          0x00000000000171d8        0x0 c:/intelfpga_lite/20.1/nios2eds/bin/gnu/h-x86_64-mingw32/bin/../lib/gcc/nios2-elf/10.1.1/../../../../../H-x86_64-mingw32/nios2-elf/lib/mno-hw-mul\libc.a(lib_a-sbrkr.o)
 .data          0x00000000000171d8        0x0 c:/intelfpga_lite/20.1/nios2eds/bin/gnu/h-x86_64-mingw32/bin/../lib/gcc/nios2-elf/10.1.1/../../../../../H-x86_64-mingw32/nios2-elf/lib/mno-hw-mul\libc.a(lib_a-strlen.o)
 .data          0x00000000000171d8        0x0 c:/intelfpga_lite/20.1/nios2eds/bin/gnu/h-x86_64-mingw32/bin/../lib/gcc/nios2-elf/10.1.1/../../../../../H-x86_64-mingw32/nios2-elf/lib/mno-hw-mul\libc.a(lib_a-wsetup.o)
 .data          0x00000000000171d8        0x0 c:/intelfpga_lite/20.1/nios2eds/bin/gnu/h-x86_64-mingw32/bin/../lib/gcc/nios2-elf/10.1.1/../../../../../H-x86_64-mingw32/nios2-elf/lib/mno-hw-mul\libc.a(lib_a-__atexit.o)
 .data          0x00000000000171d8        0x0 c:/intelfpga_lite/20.1/nios2eds/bin/gnu/h-x86_64-mingw32/bin/../lib/gcc/nios2-elf/10.1.1/../../../../../H-x86_64-mingw32/nios2-elf/lib/mno-hw-mul\libc.a(lib_a-__call_atexit.o)
 .data          0x00000000000171d8        0x0 c:/intelfpga_lite/20.1/nios2eds/bin/gnu/h-x86_64-mingw32/bin/../lib/gcc/nios2-elf/10.1.1/../../../../../H-x86_64-mingw32/nios2-elf/lib/mno-hw-mul\libc.a(lib_a-fflush.o)
 .data          0x00000000000171d8        0x0 c:/intelfpga_lite/20.1/nios2eds/bin/gnu/h-x86_64-mingw32/bin/../lib/gcc/nios2-elf/10.1.1/../../../../../H-x86_64-mingw32/nios2-elf/lib/mno-hw-mul\libc.a(lib_a-findfp.o)
 .data          0x00000000000171d8        0x0 c:/intelfpga_lite/20.1/nios2eds/bin/gnu/h-x86_64-mingw32/bin/../lib/gcc/nios2-elf/10.1.1/../../../../../H-x86_64-mingw32/nios2-elf/lib/mno-hw-mul\libc.a(lib_a-freer.o)
 .data          0x00000000000171d8        0x0 c:/intelfpga_lite/20.1/nios2eds/bin/gnu/h-x86_64-mingw32/bin/../lib/gcc/nios2-elf/10.1.1/../../../../../H-x86_64-mingw32/nios2-elf/lib/mno-hw-mul\libc.a(lib_a-fwalk.o)
 .data          0x00000000000171d8        0x0 c:/intelfpga_lite/20.1/nios2eds/bin/gnu/h-x86_64-mingw32/bin/../lib/gcc/nios2-elf/10.1.1/../../../../../H-x86_64-mingw32/nios2-elf/lib/mno-hw-mul\libc.a(lib_a-makebuf.o)
 .data          0x00000000000171d8        0x0 c:/intelfpga_lite/20.1/nios2eds/bin/gnu/h-x86_64-mingw32/bin/../lib/gcc/nios2-elf/10.1.1/../../../../../H-x86_64-mingw32/nios2-elf/lib/mno-hw-mul\libc.a(lib_a-memset.o)
 .data          0x00000000000171d8        0x0 c:/intelfpga_lite/20.1/nios2eds/bin/gnu/h-x86_64-mingw32/bin/../lib/gcc/nios2-elf/10.1.1/../../../../../H-x86_64-mingw32/nios2-elf/lib/mno-hw-mul\libc.a(lib_a-stdio.o)
 .data          0x00000000000171d8        0x0 c:/intelfpga_lite/20.1/nios2eds/bin/gnu/h-x86_64-mingw32/bin/../lib/gcc/nios2-elf/10.1.1/../../../../../H-x86_64-mingw32/nios2-elf/lib/mno-hw-mul\libc.a(lib_a-writer.o)
 .data          0x00000000000171d8        0x0 c:/intelfpga_lite/20.1/nios2eds/bin/gnu/h-x86_64-mingw32/bin/../lib/gcc/nios2-elf/10.1.1/../../../../../H-x86_64-mingw32/nios2-elf/lib/mno-hw-mul\libc.a(closer.o)
 .data          0x00000000000171d8        0x0 c:/intelfpga_lite/20.1/nios2eds/bin/gnu/h-x86_64-mingw32/bin/../lib/gcc/nios2-elf/10.1.1/../../../../../H-x86_64-mingw32/nios2-elf/lib/mno-hw-mul\libc.a(lib_a-fclose.o)
 .data          0x00000000000171d8        0x0 c:/intelfpga_lite/20.1/nios2eds/bin/gnu/h-x86_64-mingw32/bin/../lib/gcc/nios2-elf/10.1.1/../../../../../H-x86_64-mingw32/nios2-elf/lib/mno-hw-mul\libc.a(lib_a-fstatr.o)
 .data          0x00000000000171d8        0x0 c:/intelfpga_lite/20.1/nios2eds/bin/gnu/h-x86_64-mingw32/bin/../lib/gcc/nios2-elf/10.1.1/../../../../../H-x86_64-mingw32/nios2-elf/lib/mno-hw-mul\libc.a(lib_a-isattyr.o)
 .data          0x00000000000171d8        0x0 c:/intelfpga_lite/20.1/nios2eds/bin/gnu/h-x86_64-mingw32/bin/../lib/gcc/nios2-elf/10.1.1/../../../../../H-x86_64-mingw32/nios2-elf/lib/mno-hw-mul\libc.a(lib_a-lseekr.o)
 .data          0x00000000000171d8        0x0 c:/intelfpga_lite/20.1/nios2eds/bin/gnu/h-x86_64-mingw32/bin/../lib/gcc/nios2-elf/10.1.1/../../../../../H-x86_64-mingw32/nios2-elf/lib/mno-hw-mul\libc.a(lib_a-readr.o)
 .data          0x00000000000171d8        0x0 c:/intelfpga_lite/20.1/nios2eds/bin/gnu/h-x86_64-mingw32/bin/../lib/gcc/nios2-elf/10.1.1/mno-hw-mul\libgcc.a(lib2-divmod.o)
 .data          0x00000000000171d8        0x0 c:/intelfpga_lite/20.1/nios2eds/bin/gnu/h-x86_64-mingw32/bin/../lib/gcc/nios2-elf/10.1.1/mno-hw-mul\libgcc.a(lib2-mul.o)
 .data          0x00000000000171d8        0x0 c:/intelFPGA_lite/ip_labs/cw/quartus_v2/Golden_Top/software/cw2_bsp/\libhal_bsp.a(alt_exit.o)
 .data          0x00000000000171d8        0x0 c:/intelFPGA_lite/ip_labs/cw/quartus_v2/Golden_Top/software/cw2_bsp/\libhal_bsp.a(alt_fstat.o)
 .data          0x00000000000171d8        0x0 c:/intelFPGA_lite/ip_labs/cw/quartus_v2/Golden_Top/software/cw2_bsp/\libhal_bsp.a(alt_isatty.o)
 .data          0x00000000000171d8        0x0 c:/intelFPGA_lite/ip_labs/cw/quartus_v2/Golden_Top/software/cw2_bsp/\libhal_bsp.a(alt_lseek.o)
 .data          0x00000000000171d8        0x0 c:/intelFPGA_lite/ip_labs/cw/quartus_v2/Golden_Top/software/cw2_bsp/\libhal_bsp.a(alt_malloc_lock.o)
 .data          0x00000000000171d8        0x0 c:/intelFPGA_lite/ip_labs/cw/quartus_v2/Golden_Top/software/cw2_bsp/\libhal_bsp.a(alt_read.o)
 .data          0x00000000000171d8        0x0 c:/intelFPGA_lite/ip_labs/cw/quartus_v2/Golden_Top/software/cw2_bsp/\libhal_bsp.a(alt_sbrk.o)
 .data          0x00000000000171d8        0x0 c:/intelFPGA_lite/ip_labs/cw/quartus_v2/Golden_Top/software/cw2_bsp/\libhal_bsp.a(alt_write.o)
                0x000000000001f1d8                _gp = ABSOLUTE ((. + 0x8000))
                [!provide]                        PROVIDE (gp = _gp)
 *(.rwdata .rwdata.*)
 *(.sdata .sdata.* .gnu.linkonce.s.*)
 .sdata         0x00000000000171d8       0x14 c:/intelFPGA_lite/ip_labs/cw/quartus_v2/Golden_Top/software/cw2_bsp/\libhal_bsp.a(alt_dev.o)
                0x00000000000171d8                alt_fs_list
                0x00000000000171e0                alt_dev_list
                0x00000000000171e8                alt_max_fd
 .sdata         0x00000000000171ec        0x4 c:/intelFPGA_lite/ip_labs/cw/quartus_v2/Golden_Top/software/cw2_bsp/\libhal_bsp.a(alt_errno.o)
                0x00000000000171ec                alt_errno
 .sdata         0x00000000000171f0        0x4 c:/intelFPGA_lite/ip_labs/cw/quartus_v2/Golden_Top/software/cw2_bsp/\libhal_bsp.a(alt_irq_vars.o)
                0x00000000000171f0                alt_priority_mask
 .sdata         0x00000000000171f4        0x8 c:/intelFPGA_lite/ip_labs/cw/quartus_v2/Golden_Top/software/cw2_bsp/\libhal_bsp.a(alt_tick.o)
                0x00000000000171f4                alt_alarm_list
 .sdata._global_impure_ptr
                0x00000000000171fc        0x4 c:/intelfpga_lite/20.1/nios2eds/bin/gnu/h-x86_64-mingw32/bin/../lib/gcc/nios2-elf/10.1.1/../../../../../H-x86_64-mingw32/nios2-elf/lib/mno-hw-mul\libc.a(lib_a-impure.o)
                0x00000000000171fc                _global_impure_ptr
 .sdata._impure_ptr
                0x0000000000017200        0x4 c:/intelfpga_lite/20.1/nios2eds/bin/gnu/h-x86_64-mingw32/bin/../lib/gcc/nios2-elf/10.1.1/../../../../../H-x86_64-mingw32/nios2-elf/lib/mno-hw-mul\libc.a(lib_a-impure.o)
                0x0000000000017200                _impure_ptr
 .sdata.__malloc_sbrk_base
                0x0000000000017204        0x4 c:/intelfpga_lite/20.1/nios2eds/bin/gnu/h-x86_64-mingw32/bin/../lib/gcc/nios2-elf/10.1.1/../../../../../H-x86_64-mingw32/nios2-elf/lib/mno-hw-mul\libc.a(lib_a-mallocr.o)
                0x0000000000017204                __malloc_sbrk_base
 .sdata.__malloc_trim_threshold
                0x0000000000017208        0x4 c:/intelfpga_lite/20.1/nios2eds/bin/gnu/h-x86_64-mingw32/bin/../lib/gcc/nios2-elf/10.1.1/../../../../../H-x86_64-mingw32/nios2-elf/lib/mno-hw-mul\libc.a(lib_a-mallocr.o)
                0x0000000000017208                __malloc_trim_threshold
 .sdata         0x000000000001720c        0x4 c:/intelFPGA_lite/ip_labs/cw/quartus_v2/Golden_Top/software/cw2_bsp/\libhal_bsp.a(alt_sbrk.o)
 *(.sdata2 .sdata2.* .gnu.linkonce.s2.*)
                0x0000000000017210                . = ALIGN (0x4)
                0x0000000000017210                _edata = ABSOLUTE (.)
                [!provide]                        PROVIDE (edata = ABSOLUTE (.))
                0x0000000000017210                PROVIDE (__ram_rwdata_end = ABSOLUTE (.))
                0x0000000000017210                PROVIDE (__flash_rwdata_start = LOADADDR (.rwdata))

.bss            0x0000000000018ca8      0x154
                0x0000000000018ca8                __bss_start = ABSOLUTE (.)
                [!provide]                        PROVIDE (__sbss_start = ABSOLUTE (.))
                [!provide]                        PROVIDE (___sbss_start = ABSOLUTE (.))
 *(.dynsbss)
 *(.sbss .sbss.* .gnu.linkonce.sb.*)
 .sbss          0x0000000000018ca8        0xc c:/intelFPGA_lite/ip_labs/cw/quartus_v2/Golden_Top/software/cw2_bsp/\libhal_bsp.a(alt_main.o)
                0x0000000000018ca8                alt_argc
                0x0000000000018cac                alt_argv
                0x0000000000018cb0                alt_envp
 .sbss          0x0000000000018cb4        0x4 c:/intelFPGA_lite/ip_labs/cw/quartus_v2/Golden_Top/software/cw2_bsp/\libhal_bsp.a(alt_irq_vars.o)
                0x0000000000018cb4                alt_irq_active
 .sbss          0x0000000000018cb8        0x8 c:/intelFPGA_lite/ip_labs/cw/quartus_v2/Golden_Top/software/cw2_bsp/\libhal_bsp.a(alt_tick.o)
                0x0000000000018cb8                _alt_tick_rate
                0x0000000000018cbc                _alt_nticks
 .sbss          0x0000000000018cc0        0x4 c:/intelFPGA_lite/ip_labs/cw/quartus_v2/Golden_Top/software/cw2_bsp/\libhal_bsp.a(alt_instruction_exception_entry.o)
                0x0000000000018cc0                alt_instruction_exception_handler
 .sbss.errno    0x0000000000018cc4        0x4 c:/intelfpga_lite/20.1/nios2eds/bin/gnu/h-x86_64-mingw32/bin/../lib/gcc/nios2-elf/10.1.1/../../../../../H-x86_64-mingw32/nios2-elf/lib/mno-hw-mul\libc.a(lib_a-int_errno.o)
                0x0000000000018cc4                errno
 .sbss.__malloc_max_total_mem
                0x0000000000018cc8        0x4 c:/intelfpga_lite/20.1/nios2eds/bin/gnu/h-x86_64-mingw32/bin/../lib/gcc/nios2-elf/10.1.1/../../../../../H-x86_64-mingw32/nios2-elf/lib/mno-hw-mul\libc.a(lib_a-mallocr.o)
                0x0000000000018cc8                __malloc_max_total_mem
 .sbss.__malloc_max_sbrked_mem
                0x0000000000018ccc        0x4 c:/intelfpga_lite/20.1/nios2eds/bin/gnu/h-x86_64-mingw32/bin/../lib/gcc/nios2-elf/10.1.1/../../../../../H-x86_64-mingw32/nios2-elf/lib/mno-hw-mul\libc.a(lib_a-mallocr.o)
                0x0000000000018ccc                __malloc_max_sbrked_mem
 .sbss.__malloc_top_pad
                0x0000000000018cd0        0x4 c:/intelfpga_lite/20.1/nios2eds/bin/gnu/h-x86_64-mingw32/bin/../lib/gcc/nios2-elf/10.1.1/../../../../../H-x86_64-mingw32/nios2-elf/lib/mno-hw-mul\libc.a(lib_a-mallocr.o)
                0x0000000000018cd0                __malloc_top_pad
 *(.sbss2 .sbss2.* .gnu.linkonce.sb2.*)
 *(.scommon)
                [!provide]                        PROVIDE (__sbss_end = ABSOLUTE (.))
                [!provide]                        PROVIDE (___sbss_end = ABSOLUTE (.))
 *(.dynbss)
 *(.bss .bss.* .gnu.linkonce.b.*)
 .bss           0x0000000000018cd4        0x0 c:/intelFPGA_lite/ip_labs/cw/quartus_v2/Golden_Top/software/cw2_bsp//obj/HAL/src/crt0.o
 .bss           0x0000000000018cd4        0x0 obj/default/hello_world.o
 .bss           0x0000000000018cd4        0x0 c:/intelFPGA_lite/ip_labs/cw/quartus_v2/Golden_Top/software/cw2_bsp/\libhal_bsp.a(alt_load.o)
 .bss           0x0000000000018cd4        0x0 c:/intelFPGA_lite/ip_labs/cw/quartus_v2/Golden_Top/software/cw2_bsp/\libhal_bsp.a(alt_main.o)
 .bss           0x0000000000018cd4        0x0 c:/intelFPGA_lite/ip_labs/cw/quartus_v2/Golden_Top/software/cw2_bsp/\libhal_bsp.a(alt_putstr.o)
 .bss           0x0000000000018cd4        0x0 c:/intelFPGA_lite/ip_labs/cw/quartus_v2/Golden_Top/software/cw2_bsp/\libhal_bsp.a(alt_sys_init.o)
 .bss           0x0000000000018cd4        0x0 c:/intelFPGA_lite/ip_labs/cw/quartus_v2/Golden_Top/software/cw2_bsp/\libhal_bsp.a(altera_avalon_jtag_uart_fd.o)
 .bss           0x0000000000018cd4        0x0 c:/intelFPGA_lite/ip_labs/cw/quartus_v2/Golden_Top/software/cw2_bsp/\libhal_bsp.a(altera_avalon_jtag_uart_init.o)
 .bss           0x0000000000018cd4        0x0 c:/intelFPGA_lite/ip_labs/cw/quartus_v2/Golden_Top/software/cw2_bsp/\libhal_bsp.a(altera_avalon_jtag_uart_ioctl.o)
 .bss           0x0000000000018cd4        0x0 c:/intelFPGA_lite/ip_labs/cw/quartus_v2/Golden_Top/software/cw2_bsp/\libhal_bsp.a(altera_avalon_jtag_uart_read.o)
 .bss           0x0000000000018cd4        0x0 c:/intelFPGA_lite/ip_labs/cw/quartus_v2/Golden_Top/software/cw2_bsp/\libhal_bsp.a(altera_avalon_jtag_uart_write.o)
 .bss           0x0000000000018cd4        0x0 c:/intelFPGA_lite/ip_labs/cw/quartus_v2/Golden_Top/software/cw2_bsp/\libhal_bsp.a(altera_avalon_timer_sc.o)
 .bss           0x0000000000018cd4        0x0 c:/intelFPGA_lite/ip_labs/cw/quartus_v2/Golden_Top/software/cw2_bsp/\libhal_bsp.a(alt_alarm_start.o)
 .bss           0x0000000000018cd4        0x0 c:/intelFPGA_lite/ip_labs/cw/quartus_v2/Golden_Top/software/cw2_bsp/\libhal_bsp.a(alt_close.o)
 .bss           0x0000000000018cd4        0x0 c:/intelFPGA_lite/ip_labs/cw/quartus_v2/Golden_Top/software/cw2_bsp/\libhal_bsp.a(alt_dcache_flush_all.o)
 .bss           0x0000000000018cd4        0x0 c:/intelFPGA_lite/ip_labs/cw/quartus_v2/Golden_Top/software/cw2_bsp/\libhal_bsp.a(alt_dev.o)
 .bss           0x0000000000018cd4        0x0 c:/intelFPGA_lite/ip_labs/cw/quartus_v2/Golden_Top/software/cw2_bsp/\libhal_bsp.a(alt_dev_llist_insert.o)
 .bss           0x0000000000018cd4        0x0 c:/intelFPGA_lite/ip_labs/cw/quartus_v2/Golden_Top/software/cw2_bsp/\libhal_bsp.a(alt_do_ctors.o)
 .bss           0x0000000000018cd4        0x0 c:/intelFPGA_lite/ip_labs/cw/quartus_v2/Golden_Top/software/cw2_bsp/\libhal_bsp.a(alt_do_dtors.o)
 .bss           0x0000000000018cd4        0x0 c:/intelFPGA_lite/ip_labs/cw/quartus_v2/Golden_Top/software/cw2_bsp/\libhal_bsp.a(alt_errno.o)
 .bss           0x0000000000018cd4        0x0 c:/intelFPGA_lite/ip_labs/cw/quartus_v2/Golden_Top/software/cw2_bsp/\libhal_bsp.a(alt_icache_flush_all.o)
 .bss           0x0000000000018cd4        0x0 c:/intelFPGA_lite/ip_labs/cw/quartus_v2/Golden_Top/software/cw2_bsp/\libhal_bsp.a(alt_io_redirect.o)
 .bss           0x0000000000018cd4        0x0 c:/intelFPGA_lite/ip_labs/cw/quartus_v2/Golden_Top/software/cw2_bsp/\libhal_bsp.a(alt_irq_register.o)
 .bss           0x0000000000018cd4        0x0 c:/intelFPGA_lite/ip_labs/cw/quartus_v2/Golden_Top/software/cw2_bsp/\libhal_bsp.a(alt_irq_vars.o)
 .bss           0x0000000000018cd4        0x0 c:/intelFPGA_lite/ip_labs/cw/quartus_v2/Golden_Top/software/cw2_bsp/\libhal_bsp.a(alt_open.o)
 .bss           0x0000000000018cd4        0x0 c:/intelFPGA_lite/ip_labs/cw/quartus_v2/Golden_Top/software/cw2_bsp/\libhal_bsp.a(alt_release_fd.o)
 .bss           0x0000000000018cd4        0x0 c:/intelFPGA_lite/ip_labs/cw/quartus_v2/Golden_Top/software/cw2_bsp/\libhal_bsp.a(alt_tick.o)
 .bss           0x0000000000018cd4        0x0 c:/intelFPGA_lite/ip_labs/cw/quartus_v2/Golden_Top/software/cw2_bsp/\libhal_bsp.a(altera_nios2_gen2_irq.o)
 .bss           0x0000000000018cd4        0x0 c:/intelFPGA_lite/ip_labs/cw/quartus_v2/Golden_Top/software/cw2_bsp/\libhal_bsp.a(alt_find_dev.o)
 .bss           0x0000000000018cd4        0x0 c:/intelFPGA_lite/ip_labs/cw/quartus_v2/Golden_Top/software/cw2_bsp/\libhal_bsp.a(alt_find_file.o)
 .bss           0x0000000000018cd4        0x0 c:/intelFPGA_lite/ip_labs/cw/quartus_v2/Golden_Top/software/cw2_bsp/\libhal_bsp.a(alt_get_fd.o)
 .bss           0x0000000000018cd4        0x0 c:/intelFPGA_lite/ip_labs/cw/quartus_v2/Golden_Top/software/cw2_bsp/\libhal_bsp.a(alt_irq_entry.o)
 .bss           0x0000000000018cd4      0x100 c:/intelFPGA_lite/ip_labs/cw/quartus_v2/Golden_Top/software/cw2_bsp/\libhal_bsp.a(alt_irq_handler.o)
                0x0000000000018cd4                alt_irq
 .bss           0x0000000000018dd4        0x0 c:/intelFPGA_lite/ip_labs/cw/quartus_v2/Golden_Top/software/cw2_bsp/\libhal_bsp.a(alt_exception_entry.o)
 .bss           0x0000000000018dd4        0x0 c:/intelFPGA_lite/ip_labs/cw/quartus_v2/Golden_Top/software/cw2_bsp/\libhal_bsp.a(alt_instruction_exception_entry.o)
 .bss           0x0000000000018dd4        0x0 c:/intelfpga_lite/20.1/nios2eds/bin/gnu/h-x86_64-mingw32/bin/../lib/gcc/nios2-elf/10.1.1/../../../../../H-x86_64-mingw32/nios2-elf/lib/mno-hw-mul\libc.a(lib_a-atexit.o)
 .bss           0x0000000000018dd4        0x0 c:/intelfpga_lite/20.1/nios2eds/bin/gnu/h-x86_64-mingw32/bin/../lib/gcc/nios2-elf/10.1.1/../../../../../H-x86_64-mingw32/nios2-elf/lib/mno-hw-mul\libc.a(lib_a-exit.o)
 .bss           0x0000000000018dd4        0x0 c:/intelfpga_lite/20.1/nios2eds/bin/gnu/h-x86_64-mingw32/bin/../lib/gcc/nios2-elf/10.1.1/../../../../../H-x86_64-mingw32/nios2-elf/lib/mno-hw-mul\libc.a(lib_a-fputs.o)
 .bss           0x0000000000018dd4        0x0 c:/intelfpga_lite/20.1/nios2eds/bin/gnu/h-x86_64-mingw32/bin/../lib/gcc/nios2-elf/10.1.1/../../../../../H-x86_64-mingw32/nios2-elf/lib/mno-hw-mul\libc.a(lib_a-fvwrite.o)
 .bss           0x0000000000018dd4        0x0 c:/intelfpga_lite/20.1/nios2eds/bin/gnu/h-x86_64-mingw32/bin/../lib/gcc/nios2-elf/10.1.1/../../../../../H-x86_64-mingw32/nios2-elf/lib/mno-hw-mul\libc.a(lib_a-impure.o)
 .bss           0x0000000000018dd4        0x0 c:/intelfpga_lite/20.1/nios2eds/bin/gnu/h-x86_64-mingw32/bin/../lib/gcc/nios2-elf/10.1.1/../../../../../H-x86_64-mingw32/nios2-elf/lib/mno-hw-mul\libc.a(lib_a-int_errno.o)
 .bss           0x0000000000018dd4        0x0 c:/intelfpga_lite/20.1/nios2eds/bin/gnu/h-x86_64-mingw32/bin/../lib/gcc/nios2-elf/10.1.1/../../../../../H-x86_64-mingw32/nios2-elf/lib/mno-hw-mul\libc.a(lib_a-mallocr.o)
 .bss.__malloc_current_mallinfo
                0x0000000000018dd4       0x28 c:/intelfpga_lite/20.1/nios2eds/bin/gnu/h-x86_64-mingw32/bin/../lib/gcc/nios2-elf/10.1.1/../../../../../H-x86_64-mingw32/nios2-elf/lib/mno-hw-mul\libc.a(lib_a-mallocr.o)
                0x0000000000018dd4                __malloc_current_mallinfo
 .bss           0x0000000000018dfc        0x0 c:/intelfpga_lite/20.1/nios2eds/bin/gnu/h-x86_64-mingw32/bin/../lib/gcc/nios2-elf/10.1.1/../../../../../H-x86_64-mingw32/nios2-elf/lib/mno-hw-mul\libc.a(lib_a-memchr.o)
 .bss           0x0000000000018dfc        0x0 c:/intelfpga_lite/20.1/nios2eds/bin/gnu/h-x86_64-mingw32/bin/../lib/gcc/nios2-elf/10.1.1/../../../../../H-x86_64-mingw32/nios2-elf/lib/mno-hw-mul\libc.a(lib_a-memcmp.o)
 .bss           0x0000000000018dfc        0x0 c:/intelfpga_lite/20.1/nios2eds/bin/gnu/h-x86_64-mingw32/bin/../lib/gcc/nios2-elf/10.1.1/../../../../../H-x86_64-mingw32/nios2-elf/lib/mno-hw-mul\libc.a(lib_a-memcpy.o)
 .bss           0x0000000000018dfc        0x0 c:/intelfpga_lite/20.1/nios2eds/bin/gnu/h-x86_64-mingw32/bin/../lib/gcc/nios2-elf/10.1.1/../../../../../H-x86_64-mingw32/nios2-elf/lib/mno-hw-mul\libc.a(lib_a-memmove.o)
 .bss           0x0000000000018dfc        0x0 c:/intelfpga_lite/20.1/nios2eds/bin/gnu/h-x86_64-mingw32/bin/../lib/gcc/nios2-elf/10.1.1/../../../../../H-x86_64-mingw32/nios2-elf/lib/mno-hw-mul\libc.a(lib_a-reallocr.o)
 .bss           0x0000000000018dfc        0x0 c:/intelfpga_lite/20.1/nios2eds/bin/gnu/h-x86_64-mingw32/bin/../lib/gcc/nios2-elf/10.1.1/../../../../../H-x86_64-mingw32/nios2-elf/lib/mno-hw-mul\libc.a(lib_a-sbrkr.o)
 .bss           0x0000000000018dfc        0x0 c:/intelfpga_lite/20.1/nios2eds/bin/gnu/h-x86_64-mingw32/bin/../lib/gcc/nios2-elf/10.1.1/../../../../../H-x86_64-mingw32/nios2-elf/lib/mno-hw-mul\libc.a(lib_a-strlen.o)
 .bss           0x0000000000018dfc        0x0 c:/intelfpga_lite/20.1/nios2eds/bin/gnu/h-x86_64-mingw32/bin/../lib/gcc/nios2-elf/10.1.1/../../../../../H-x86_64-mingw32/nios2-elf/lib/mno-hw-mul\libc.a(lib_a-wsetup.o)
 .bss           0x0000000000018dfc        0x0 c:/intelfpga_lite/20.1/nios2eds/bin/gnu/h-x86_64-mingw32/bin/../lib/gcc/nios2-elf/10.1.1/../../../../../H-x86_64-mingw32/nios2-elf/lib/mno-hw-mul\libc.a(lib_a-__atexit.o)
 .bss           0x0000000000018dfc        0x0 c:/intelfpga_lite/20.1/nios2eds/bin/gnu/h-x86_64-mingw32/bin/../lib/gcc/nios2-elf/10.1.1/../../../../../H-x86_64-mingw32/nios2-elf/lib/mno-hw-mul\libc.a(lib_a-__call_atexit.o)
 .bss           0x0000000000018dfc        0x0 c:/intelfpga_lite/20.1/nios2eds/bin/gnu/h-x86_64-mingw32/bin/../lib/gcc/nios2-elf/10.1.1/../../../../../H-x86_64-mingw32/nios2-elf/lib/mno-hw-mul\libc.a(lib_a-fflush.o)
 .bss           0x0000000000018dfc        0x0 c:/intelfpga_lite/20.1/nios2eds/bin/gnu/h-x86_64-mingw32/bin/../lib/gcc/nios2-elf/10.1.1/../../../../../H-x86_64-mingw32/nios2-elf/lib/mno-hw-mul\libc.a(lib_a-findfp.o)
 .bss           0x0000000000018dfc        0x0 c:/intelfpga_lite/20.1/nios2eds/bin/gnu/h-x86_64-mingw32/bin/../lib/gcc/nios2-elf/10.1.1/../../../../../H-x86_64-mingw32/nios2-elf/lib/mno-hw-mul\libc.a(lib_a-freer.o)
 .bss           0x0000000000018dfc        0x0 c:/intelfpga_lite/20.1/nios2eds/bin/gnu/h-x86_64-mingw32/bin/../lib/gcc/nios2-elf/10.1.1/../../../../../H-x86_64-mingw32/nios2-elf/lib/mno-hw-mul\libc.a(lib_a-fwalk.o)
 .bss           0x0000000000018dfc        0x0 c:/intelfpga_lite/20.1/nios2eds/bin/gnu/h-x86_64-mingw32/bin/../lib/gcc/nios2-elf/10.1.1/../../../../../H-x86_64-mingw32/nios2-elf/lib/mno-hw-mul\libc.a(lib_a-makebuf.o)
 .bss           0x0000000000018dfc        0x0 c:/intelfpga_lite/20.1/nios2eds/bin/gnu/h-x86_64-mingw32/bin/../lib/gcc/nios2-elf/10.1.1/../../../../../H-x86_64-mingw32/nios2-elf/lib/mno-hw-mul\libc.a(lib_a-memset.o)
 .bss           0x0000000000018dfc        0x0 c:/intelfpga_lite/20.1/nios2eds/bin/gnu/h-x86_64-mingw32/bin/../lib/gcc/nios2-elf/10.1.1/../../../../../H-x86_64-mingw32/nios2-elf/lib/mno-hw-mul\libc.a(lib_a-stdio.o)
 .bss           0x0000000000018dfc        0x0 c:/intelfpga_lite/20.1/nios2eds/bin/gnu/h-x86_64-mingw32/bin/../lib/gcc/nios2-elf/10.1.1/../../../../../H-x86_64-mingw32/nios2-elf/lib/mno-hw-mul\libc.a(lib_a-writer.o)
 .bss           0x0000000000018dfc        0x0 c:/intelfpga_lite/20.1/nios2eds/bin/gnu/h-x86_64-mingw32/bin/../lib/gcc/nios2-elf/10.1.1/../../../../../H-x86_64-mingw32/nios2-elf/lib/mno-hw-mul\libc.a(closer.o)
 .bss           0x0000000000018dfc        0x0 c:/intelfpga_lite/20.1/nios2eds/bin/gnu/h-x86_64-mingw32/bin/../lib/gcc/nios2-elf/10.1.1/../../../../../H-x86_64-mingw32/nios2-elf/lib/mno-hw-mul\libc.a(lib_a-fclose.o)
 .bss           0x0000000000018dfc        0x0 c:/intelfpga_lite/20.1/nios2eds/bin/gnu/h-x86_64-mingw32/bin/../lib/gcc/nios2-elf/10.1.1/../../../../../H-x86_64-mingw32/nios2-elf/lib/mno-hw-mul\libc.a(lib_a-fstatr.o)
 .bss           0x0000000000018dfc        0x0 c:/intelfpga_lite/20.1/nios2eds/bin/gnu/h-x86_64-mingw32/bin/../lib/gcc/nios2-elf/10.1.1/../../../../../H-x86_64-mingw32/nios2-elf/lib/mno-hw-mul\libc.a(lib_a-isattyr.o)
 .bss           0x0000000000018dfc        0x0 c:/intelfpga_lite/20.1/nios2eds/bin/gnu/h-x86_64-mingw32/bin/../lib/gcc/nios2-elf/10.1.1/../../../../../H-x86_64-mingw32/nios2-elf/lib/mno-hw-mul\libc.a(lib_a-lseekr.o)
 .bss           0x0000000000018dfc        0x0 c:/intelfpga_lite/20.1/nios2eds/bin/gnu/h-x86_64-mingw32/bin/../lib/gcc/nios2-elf/10.1.1/../../../../../H-x86_64-mingw32/nios2-elf/lib/mno-hw-mul\libc.a(lib_a-readr.o)
 .bss           0x0000000000018dfc        0x0 c:/intelfpga_lite/20.1/nios2eds/bin/gnu/h-x86_64-mingw32/bin/../lib/gcc/nios2-elf/10.1.1/mno-hw-mul\libgcc.a(lib2-divmod.o)
 .bss           0x0000000000018dfc        0x0 c:/intelfpga_lite/20.1/nios2eds/bin/gnu/h-x86_64-mingw32/bin/../lib/gcc/nios2-elf/10.1.1/mno-hw-mul\libgcc.a(lib2-mul.o)
 .bss           0x0000000000018dfc        0x0 c:/intelFPGA_lite/ip_labs/cw/quartus_v2/Golden_Top/software/cw2_bsp/\libhal_bsp.a(alt_exit.o)
 .bss           0x0000000000018dfc        0x0 c:/intelFPGA_lite/ip_labs/cw/quartus_v2/Golden_Top/software/cw2_bsp/\libhal_bsp.a(alt_fstat.o)
 .bss           0x0000000000018dfc        0x0 c:/intelFPGA_lite/ip_labs/cw/quartus_v2/Golden_Top/software/cw2_bsp/\libhal_bsp.a(alt_isatty.o)
 .bss           0x0000000000018dfc        0x0 c:/intelFPGA_lite/ip_labs/cw/quartus_v2/Golden_Top/software/cw2_bsp/\libhal_bsp.a(alt_lseek.o)
 .bss           0x0000000000018dfc        0x0 c:/intelFPGA_lite/ip_labs/cw/quartus_v2/Golden_Top/software/cw2_bsp/\libhal_bsp.a(alt_malloc_lock.o)
 .bss           0x0000000000018dfc        0x0 c:/intelFPGA_lite/ip_labs/cw/quartus_v2/Golden_Top/software/cw2_bsp/\libhal_bsp.a(alt_read.o)
 .bss           0x0000000000018dfc        0x0 c:/intelFPGA_lite/ip_labs/cw/quartus_v2/Golden_Top/software/cw2_bsp/\libhal_bsp.a(alt_sbrk.o)
 .bss           0x0000000000018dfc        0x0 c:/intelFPGA_lite/ip_labs/cw/quartus_v2/Golden_Top/software/cw2_bsp/\libhal_bsp.a(alt_write.o)
 *(COMMON)
                0x0000000000018dfc                . = ALIGN (0x4)
                0x0000000000018dfc                __bss_end = ABSOLUTE (.)

.onchip_memory  0x0000000000018dfc        0x0
                [!provide]                        PROVIDE (_alt_partition_onchip_memory_start = ABSOLUTE (.))
 *(.onchip_memory .onchip_memory. onchip_memory.*)
                0x0000000000018dfc                . = ALIGN (0x4)
                [!provide]                        PROVIDE (_alt_partition_onchip_memory_end = ABSOLUTE (.))
                0x0000000000018dfc                _end = ABSOLUTE (.)
                0x0000000000018dfc                end = ABSOLUTE (.)
                0x0000000000018dfc                __alt_stack_base = ABSOLUTE (.)
                [!provide]                        PROVIDE (_alt_partition_onchip_memory_load_addr = LOADADDR (.onchip_memory))

.stab
 *(.stab)

.stabstr
 *(.stabstr)

.stab.excl
 *(.stab.excl)

.stab.exclstr
 *(.stab.exclstr)

.stab.index
 *(.stab.index)

.stab.indexstr
 *(.stab.indexstr)

.comment        0x0000000000000000       0x2d
 *(.comment)
 .comment       0x0000000000000000       0x2d obj/default/hello_world.o
                                         0x2e (size before relaxing)
 .comment       0x000000000000002d       0x2e c:/intelFPGA_lite/ip_labs/cw/quartus_v2/Golden_Top/software/cw2_bsp/\libhal_bsp.a(alt_load.o)
 .comment       0x000000000000002d       0x2e c:/intelFPGA_lite/ip_labs/cw/quartus_v2/Golden_Top/software/cw2_bsp/\libhal_bsp.a(alt_main.o)
 .comment       0x000000000000002d       0x2e c:/intelFPGA_lite/ip_labs/cw/quartus_v2/Golden_Top/software/cw2_bsp/\libhal_bsp.a(alt_putstr.o)
 .comment       0x000000000000002d       0x2e c:/intelFPGA_lite/ip_labs/cw/quartus_v2/Golden_Top/software/cw2_bsp/\libhal_bsp.a(alt_sys_init.o)
 .comment       0x000000000000002d       0x2e c:/intelFPGA_lite/ip_labs/cw/quartus_v2/Golden_Top/software/cw2_bsp/\libhal_bsp.a(altera_avalon_jtag_uart_fd.o)
 .comment       0x000000000000002d       0x2e c:/intelFPGA_lite/ip_labs/cw/quartus_v2/Golden_Top/software/cw2_bsp/\libhal_bsp.a(altera_avalon_jtag_uart_init.o)
 .comment       0x000000000000002d       0x2e c:/intelFPGA_lite/ip_labs/cw/quartus_v2/Golden_Top/software/cw2_bsp/\libhal_bsp.a(altera_avalon_jtag_uart_ioctl.o)
 .comment       0x000000000000002d       0x2e c:/intelFPGA_lite/ip_labs/cw/quartus_v2/Golden_Top/software/cw2_bsp/\libhal_bsp.a(altera_avalon_jtag_uart_read.o)
 .comment       0x000000000000002d       0x2e c:/intelFPGA_lite/ip_labs/cw/quartus_v2/Golden_Top/software/cw2_bsp/\libhal_bsp.a(altera_avalon_jtag_uart_write.o)
 .comment       0x000000000000002d       0x2e c:/intelFPGA_lite/ip_labs/cw/quartus_v2/Golden_Top/software/cw2_bsp/\libhal_bsp.a(altera_avalon_timer_sc.o)
 .comment       0x000000000000002d       0x2e c:/intelFPGA_lite/ip_labs/cw/quartus_v2/Golden_Top/software/cw2_bsp/\libhal_bsp.a(alt_alarm_start.o)
 .comment       0x000000000000002d       0x2e c:/intelFPGA_lite/ip_labs/cw/quartus_v2/Golden_Top/software/cw2_bsp/\libhal_bsp.a(alt_close.o)
 .comment       0x000000000000002d       0x2e c:/intelFPGA_lite/ip_labs/cw/quartus_v2/Golden_Top/software/cw2_bsp/\libhal_bsp.a(alt_dcache_flush_all.o)
 .comment       0x000000000000002d       0x2e c:/intelFPGA_lite/ip_labs/cw/quartus_v2/Golden_Top/software/cw2_bsp/\libhal_bsp.a(alt_dev.o)
 .comment       0x000000000000002d       0x2e c:/intelFPGA_lite/ip_labs/cw/quartus_v2/Golden_Top/software/cw2_bsp/\libhal_bsp.a(alt_dev_llist_insert.o)
 .comment       0x000000000000002d       0x2e c:/intelFPGA_lite/ip_labs/cw/quartus_v2/Golden_Top/software/cw2_bsp/\libhal_bsp.a(alt_do_ctors.o)
 .comment       0x000000000000002d       0x2e c:/intelFPGA_lite/ip_labs/cw/quartus_v2/Golden_Top/software/cw2_bsp/\libhal_bsp.a(alt_do_dtors.o)
 .comment       0x000000000000002d       0x2e c:/intelFPGA_lite/ip_labs/cw/quartus_v2/Golden_Top/software/cw2_bsp/\libhal_bsp.a(alt_errno.o)
 .comment       0x000000000000002d       0x2e c:/intelFPGA_lite/ip_labs/cw/quartus_v2/Golden_Top/software/cw2_bsp/\libhal_bsp.a(alt_icache_flush_all.o)
 .comment       0x000000000000002d       0x2e c:/intelFPGA_lite/ip_labs/cw/quartus_v2/Golden_Top/software/cw2_bsp/\libhal_bsp.a(alt_io_redirect.o)
 .comment       0x000000000000002d       0x2e c:/intelFPGA_lite/ip_labs/cw/quartus_v2/Golden_Top/software/cw2_bsp/\libhal_bsp.a(alt_irq_register.o)
 .comment       0x000000000000002d       0x2e c:/intelFPGA_lite/ip_labs/cw/quartus_v2/Golden_Top/software/cw2_bsp/\libhal_bsp.a(alt_irq_vars.o)
 .comment       0x000000000000002d       0x2e c:/intelFPGA_lite/ip_labs/cw/quartus_v2/Golden_Top/software/cw2_bsp/\libhal_bsp.a(alt_open.o)
 .comment       0x000000000000002d       0x2e c:/intelFPGA_lite/ip_labs/cw/quartus_v2/Golden_Top/software/cw2_bsp/\libhal_bsp.a(alt_release_fd.o)
 .comment       0x000000000000002d       0x2e c:/intelFPGA_lite/ip_labs/cw/quartus_v2/Golden_Top/software/cw2_bsp/\libhal_bsp.a(alt_tick.o)
 .comment       0x000000000000002d       0x2e c:/intelFPGA_lite/ip_labs/cw/quartus_v2/Golden_Top/software/cw2_bsp/\libhal_bsp.a(altera_nios2_gen2_irq.o)
 .comment       0x000000000000002d       0x2e c:/intelFPGA_lite/ip_labs/cw/quartus_v2/Golden_Top/software/cw2_bsp/\libhal_bsp.a(alt_find_dev.o)
 .comment       0x000000000000002d       0x2e c:/intelFPGA_lite/ip_labs/cw/quartus_v2/Golden_Top/software/cw2_bsp/\libhal_bsp.a(alt_find_file.o)
 .comment       0x000000000000002d       0x2e c:/intelFPGA_lite/ip_labs/cw/quartus_v2/Golden_Top/software/cw2_bsp/\libhal_bsp.a(alt_get_fd.o)
 .comment       0x000000000000002d       0x2e c:/intelFPGA_lite/ip_labs/cw/quartus_v2/Golden_Top/software/cw2_bsp/\libhal_bsp.a(alt_irq_handler.o)
 .comment       0x000000000000002d       0x2e c:/intelFPGA_lite/ip_labs/cw/quartus_v2/Golden_Top/software/cw2_bsp/\libhal_bsp.a(alt_instruction_exception_entry.o)
 .comment       0x000000000000002d       0x2e c:/intelfpga_lite/20.1/nios2eds/bin/gnu/h-x86_64-mingw32/bin/../lib/gcc/nios2-elf/10.1.1/../../../../../H-x86_64-mingw32/nios2-elf/lib/mno-hw-mul\libc.a(lib_a-atexit.o)
 .comment       0x000000000000002d       0x2e c:/intelfpga_lite/20.1/nios2eds/bin/gnu/h-x86_64-mingw32/bin/../lib/gcc/nios2-elf/10.1.1/../../../../../H-x86_64-mingw32/nios2-elf/lib/mno-hw-mul\libc.a(lib_a-exit.o)
 .comment       0x000000000000002d       0x2e c:/intelfpga_lite/20.1/nios2eds/bin/gnu/h-x86_64-mingw32/bin/../lib/gcc/nios2-elf/10.1.1/../../../../../H-x86_64-mingw32/nios2-elf/lib/mno-hw-mul\libc.a(lib_a-fputs.o)
 .comment       0x000000000000002d       0x2e c:/intelfpga_lite/20.1/nios2eds/bin/gnu/h-x86_64-mingw32/bin/../lib/gcc/nios2-elf/10.1.1/../../../../../H-x86_64-mingw32/nios2-elf/lib/mno-hw-mul\libc.a(lib_a-fvwrite.o)
 .comment       0x000000000000002d       0x2e c:/intelfpga_lite/20.1/nios2eds/bin/gnu/h-x86_64-mingw32/bin/../lib/gcc/nios2-elf/10.1.1/../../../../../H-x86_64-mingw32/nios2-elf/lib/mno-hw-mul\libc.a(lib_a-impure.o)
 .comment       0x000000000000002d       0x2e c:/intelfpga_lite/20.1/nios2eds/bin/gnu/h-x86_64-mingw32/bin/../lib/gcc/nios2-elf/10.1.1/../../../../../H-x86_64-mingw32/nios2-elf/lib/mno-hw-mul\libc.a(lib_a-int_errno.o)
 .comment       0x000000000000002d       0x2e c:/intelfpga_lite/20.1/nios2eds/bin/gnu/h-x86_64-mingw32/bin/../lib/gcc/nios2-elf/10.1.1/../../../../../H-x86_64-mingw32/nios2-elf/lib/mno-hw-mul\libc.a(lib_a-mallocr.o)
 .comment       0x000000000000002d       0x2e c:/intelfpga_lite/20.1/nios2eds/bin/gnu/h-x86_64-mingw32/bin/../lib/gcc/nios2-elf/10.1.1/../../../../../H-x86_64-mingw32/nios2-elf/lib/mno-hw-mul\libc.a(lib_a-memchr.o)
 .comment       0x000000000000002d       0x2e c:/intelfpga_lite/20.1/nios2eds/bin/gnu/h-x86_64-mingw32/bin/../lib/gcc/nios2-elf/10.1.1/../../../../../H-x86_64-mingw32/nios2-elf/lib/mno-hw-mul\libc.a(lib_a-memcmp.o)
 .comment       0x000000000000002d       0x2e c:/intelfpga_lite/20.1/nios2eds/bin/gnu/h-x86_64-mingw32/bin/../lib/gcc/nios2-elf/10.1.1/../../../../../H-x86_64-mingw32/nios2-elf/lib/mno-hw-mul\libc.a(lib_a-memcpy.o)
 .comment       0x000000000000002d       0x2e c:/intelfpga_lite/20.1/nios2eds/bin/gnu/h-x86_64-mingw32/bin/../lib/gcc/nios2-elf/10.1.1/../../../../../H-x86_64-mingw32/nios2-elf/lib/mno-hw-mul\libc.a(lib_a-memmove.o)
 .comment       0x000000000000002d       0x2e c:/intelfpga_lite/20.1/nios2eds/bin/gnu/h-x86_64-mingw32/bin/../lib/gcc/nios2-elf/10.1.1/../../../../../H-x86_64-mingw32/nios2-elf/lib/mno-hw-mul\libc.a(lib_a-reallocr.o)
 .comment       0x000000000000002d       0x2e c:/intelfpga_lite/20.1/nios2eds/bin/gnu/h-x86_64-mingw32/bin/../lib/gcc/nios2-elf/10.1.1/../../../../../H-x86_64-mingw32/nios2-elf/lib/mno-hw-mul\libc.a(lib_a-sbrkr.o)
 .comment       0x000000000000002d       0x2e c:/intelfpga_lite/20.1/nios2eds/bin/gnu/h-x86_64-mingw32/bin/../lib/gcc/nios2-elf/10.1.1/../../../../../H-x86_64-mingw32/nios2-elf/lib/mno-hw-mul\libc.a(lib_a-strlen.o)
 .comment       0x000000000000002d       0x2e c:/intelfpga_lite/20.1/nios2eds/bin/gnu/h-x86_64-mingw32/bin/../lib/gcc/nios2-elf/10.1.1/../../../../../H-x86_64-mingw32/nios2-elf/lib/mno-hw-mul\libc.a(lib_a-wsetup.o)
 .comment       0x000000000000002d       0x2e c:/intelfpga_lite/20.1/nios2eds/bin/gnu/h-x86_64-mingw32/bin/../lib/gcc/nios2-elf/10.1.1/../../../../../H-x86_64-mingw32/nios2-elf/lib/mno-hw-mul\libc.a(lib_a-__atexit.o)
 .comment       0x000000000000002d       0x2e c:/intelfpga_lite/20.1/nios2eds/bin/gnu/h-x86_64-mingw32/bin/../lib/gcc/nios2-elf/10.1.1/../../../../../H-x86_64-mingw32/nios2-elf/lib/mno-hw-mul\libc.a(lib_a-__call_atexit.o)
 .comment       0x000000000000002d       0x2e c:/intelfpga_lite/20.1/nios2eds/bin/gnu/h-x86_64-mingw32/bin/../lib/gcc/nios2-elf/10.1.1/../../../../../H-x86_64-mingw32/nios2-elf/lib/mno-hw-mul\libc.a(lib_a-fflush.o)
 .comment       0x000000000000002d       0x2e c:/intelfpga_lite/20.1/nios2eds/bin/gnu/h-x86_64-mingw32/bin/../lib/gcc/nios2-elf/10.1.1/../../../../../H-x86_64-mingw32/nios2-elf/lib/mno-hw-mul\libc.a(lib_a-findfp.o)
 .comment       0x000000000000002d       0x2e c:/intelfpga_lite/20.1/nios2eds/bin/gnu/h-x86_64-mingw32/bin/../lib/gcc/nios2-elf/10.1.1/../../../../../H-x86_64-mingw32/nios2-elf/lib/mno-hw-mul\libc.a(lib_a-freer.o)
 .comment       0x000000000000002d       0x2e c:/intelfpga_lite/20.1/nios2eds/bin/gnu/h-x86_64-mingw32/bin/../lib/gcc/nios2-elf/10.1.1/../../../../../H-x86_64-mingw32/nios2-elf/lib/mno-hw-mul\libc.a(lib_a-fwalk.o)
 .comment       0x000000000000002d       0x2e c:/intelfpga_lite/20.1/nios2eds/bin/gnu/h-x86_64-mingw32/bin/../lib/gcc/nios2-elf/10.1.1/../../../../../H-x86_64-mingw32/nios2-elf/lib/mno-hw-mul\libc.a(lib_a-makebuf.o)
 .comment       0x000000000000002d       0x2e c:/intelfpga_lite/20.1/nios2eds/bin/gnu/h-x86_64-mingw32/bin/../lib/gcc/nios2-elf/10.1.1/../../../../../H-x86_64-mingw32/nios2-elf/lib/mno-hw-mul\libc.a(lib_a-memset.o)
 .comment       0x000000000000002d       0x2e c:/intelfpga_lite/20.1/nios2eds/bin/gnu/h-x86_64-mingw32/bin/../lib/gcc/nios2-elf/10.1.1/../../../../../H-x86_64-mingw32/nios2-elf/lib/mno-hw-mul\libc.a(lib_a-stdio.o)
 .comment       0x000000000000002d       0x2e c:/intelfpga_lite/20.1/nios2eds/bin/gnu/h-x86_64-mingw32/bin/../lib/gcc/nios2-elf/10.1.1/../../../../../H-x86_64-mingw32/nios2-elf/lib/mno-hw-mul\libc.a(lib_a-writer.o)
 .comment       0x000000000000002d       0x2e c:/intelfpga_lite/20.1/nios2eds/bin/gnu/h-x86_64-mingw32/bin/../lib/gcc/nios2-elf/10.1.1/../../../../../H-x86_64-mingw32/nios2-elf/lib/mno-hw-mul\libc.a(closer.o)
 .comment       0x000000000000002d       0x2e c:/intelfpga_lite/20.1/nios2eds/bin/gnu/h-x86_64-mingw32/bin/../lib/gcc/nios2-elf/10.1.1/../../../../../H-x86_64-mingw32/nios2-elf/lib/mno-hw-mul\libc.a(lib_a-fclose.o)
 .comment       0x000000000000002d       0x2e c:/intelfpga_lite/20.1/nios2eds/bin/gnu/h-x86_64-mingw32/bin/../lib/gcc/nios2-elf/10.1.1/../../../../../H-x86_64-mingw32/nios2-elf/lib/mno-hw-mul\libc.a(lib_a-fstatr.o)
 .comment       0x000000000000002d       0x2e c:/intelfpga_lite/20.1/nios2eds/bin/gnu/h-x86_64-mingw32/bin/../lib/gcc/nios2-elf/10.1.1/../../../../../H-x86_64-mingw32/nios2-elf/lib/mno-hw-mul\libc.a(lib_a-isattyr.o)
 .comment       0x000000000000002d       0x2e c:/intelfpga_lite/20.1/nios2eds/bin/gnu/h-x86_64-mingw32/bin/../lib/gcc/nios2-elf/10.1.1/../../../../../H-x86_64-mingw32/nios2-elf/lib/mno-hw-mul\libc.a(lib_a-lseekr.o)
 .comment       0x000000000000002d       0x2e c:/intelfpga_lite/20.1/nios2eds/bin/gnu/h-x86_64-mingw32/bin/../lib/gcc/nios2-elf/10.1.1/../../../../../H-x86_64-mingw32/nios2-elf/lib/mno-hw-mul\libc.a(lib_a-readr.o)
 .comment       0x000000000000002d       0x2e c:/intelfpga_lite/20.1/nios2eds/bin/gnu/h-x86_64-mingw32/bin/../lib/gcc/nios2-elf/10.1.1/mno-hw-mul\libgcc.a(lib2-divmod.o)
 .comment       0x000000000000002d       0x2e c:/intelfpga_lite/20.1/nios2eds/bin/gnu/h-x86_64-mingw32/bin/../lib/gcc/nios2-elf/10.1.1/mno-hw-mul\libgcc.a(lib2-mul.o)
 .comment       0x000000000000002d       0x2e c:/intelFPGA_lite/ip_labs/cw/quartus_v2/Golden_Top/software/cw2_bsp/\libhal_bsp.a(alt_exit.o)
 .comment       0x000000000000002d       0x2e c:/intelFPGA_lite/ip_labs/cw/quartus_v2/Golden_Top/software/cw2_bsp/\libhal_bsp.a(alt_fstat.o)
 .comment       0x000000000000002d       0x2e c:/intelFPGA_lite/ip_labs/cw/quartus_v2/Golden_Top/software/cw2_bsp/\libhal_bsp.a(alt_isatty.o)
 .comment       0x000000000000002d       0x2e c:/intelFPGA_lite/ip_labs/cw/quartus_v2/Golden_Top/software/cw2_bsp/\libhal_bsp.a(alt_lseek.o)
 .comment       0x000000000000002d       0x2e c:/intelFPGA_lite/ip_labs/cw/quartus_v2/Golden_Top/software/cw2_bsp/\libhal_bsp.a(alt_malloc_lock.o)
 .comment       0x000000000000002d       0x2e c:/intelFPGA_lite/ip_labs/cw/quartus_v2/Golden_Top/software/cw2_bsp/\libhal_bsp.a(alt_read.o)
 .comment       0x000000000000002d       0x2e c:/intelFPGA_lite/ip_labs/cw/quartus_v2/Golden_Top/software/cw2_bsp/\libhal_bsp.a(alt_sbrk.o)
 .comment       0x000000000000002d       0x2e c:/intelFPGA_lite/ip_labs/cw/quartus_v2/Golden_Top/software/cw2_bsp/\libhal_bsp.a(alt_write.o)

.debug
 *(.debug)

.line
 *(.line)

.debug_srcinfo
 *(.debug_srcinfo)

.debug_sfnames
 *(.debug_sfnames)

.debug_aranges  0x0000000000000000      0xa40
 *(.debug_aranges)
 .debug_aranges
                0x0000000000000000       0x28 c:/intelFPGA_lite/ip_labs/cw/quartus_v2/Golden_Top/software/cw2_bsp//obj/HAL/src/crt0.o
 .debug_aranges
                0x0000000000000028       0x20 obj/default/hello_world.o
 .debug_aranges
                0x0000000000000048       0x20 c:/intelFPGA_lite/ip_labs/cw/quartus_v2/Golden_Top/software/cw2_bsp/\libhal_bsp.a(alt_load.o)
 .debug_aranges
                0x0000000000000068       0x20 c:/intelFPGA_lite/ip_labs/cw/quartus_v2/Golden_Top/software/cw2_bsp/\libhal_bsp.a(alt_main.o)
 .debug_aranges
                0x0000000000000088       0x20 c:/intelFPGA_lite/ip_labs/cw/quartus_v2/Golden_Top/software/cw2_bsp/\libhal_bsp.a(alt_putstr.o)
 .debug_aranges
                0x00000000000000a8       0x20 c:/intelFPGA_lite/ip_labs/cw/quartus_v2/Golden_Top/software/cw2_bsp/\libhal_bsp.a(alt_sys_init.o)
 .debug_aranges
                0x00000000000000c8       0x20 c:/intelFPGA_lite/ip_labs/cw/quartus_v2/Golden_Top/software/cw2_bsp/\libhal_bsp.a(altera_avalon_jtag_uart_fd.o)
 .debug_aranges
                0x00000000000000e8       0x20 c:/intelFPGA_lite/ip_labs/cw/quartus_v2/Golden_Top/software/cw2_bsp/\libhal_bsp.a(altera_avalon_jtag_uart_init.o)
 .debug_aranges
                0x0000000000000108       0x20 c:/intelFPGA_lite/ip_labs/cw/quartus_v2/Golden_Top/software/cw2_bsp/\libhal_bsp.a(altera_avalon_jtag_uart_ioctl.o)
 .debug_aranges
                0x0000000000000128       0x20 c:/intelFPGA_lite/ip_labs/cw/quartus_v2/Golden_Top/software/cw2_bsp/\libhal_bsp.a(altera_avalon_jtag_uart_read.o)
 .debug_aranges
                0x0000000000000148       0x20 c:/intelFPGA_lite/ip_labs/cw/quartus_v2/Golden_Top/software/cw2_bsp/\libhal_bsp.a(altera_avalon_jtag_uart_write.o)
 .debug_aranges
                0x0000000000000168       0x20 c:/intelFPGA_lite/ip_labs/cw/quartus_v2/Golden_Top/software/cw2_bsp/\libhal_bsp.a(altera_avalon_timer_sc.o)
 .debug_aranges
                0x0000000000000188       0x20 c:/intelFPGA_lite/ip_labs/cw/quartus_v2/Golden_Top/software/cw2_bsp/\libhal_bsp.a(alt_alarm_start.o)
 .debug_aranges
                0x00000000000001a8       0x20 c:/intelFPGA_lite/ip_labs/cw/quartus_v2/Golden_Top/software/cw2_bsp/\libhal_bsp.a(alt_close.o)
 .debug_aranges
                0x00000000000001c8       0x20 c:/intelFPGA_lite/ip_labs/cw/quartus_v2/Golden_Top/software/cw2_bsp/\libhal_bsp.a(alt_dcache_flush_all.o)
 .debug_aranges
                0x00000000000001e8       0x20 c:/intelFPGA_lite/ip_labs/cw/quartus_v2/Golden_Top/software/cw2_bsp/\libhal_bsp.a(alt_dev.o)
 .debug_aranges
                0x0000000000000208       0x20 c:/intelFPGA_lite/ip_labs/cw/quartus_v2/Golden_Top/software/cw2_bsp/\libhal_bsp.a(alt_dev_llist_insert.o)
 .debug_aranges
                0x0000000000000228       0x20 c:/intelFPGA_lite/ip_labs/cw/quartus_v2/Golden_Top/software/cw2_bsp/\libhal_bsp.a(alt_do_ctors.o)
 .debug_aranges
                0x0000000000000248       0x20 c:/intelFPGA_lite/ip_labs/cw/quartus_v2/Golden_Top/software/cw2_bsp/\libhal_bsp.a(alt_do_dtors.o)
 .debug_aranges
                0x0000000000000268       0x18 c:/intelFPGA_lite/ip_labs/cw/quartus_v2/Golden_Top/software/cw2_bsp/\libhal_bsp.a(alt_errno.o)
 .debug_aranges
                0x0000000000000280       0x20 c:/intelFPGA_lite/ip_labs/cw/quartus_v2/Golden_Top/software/cw2_bsp/\libhal_bsp.a(alt_icache_flush_all.o)
 .debug_aranges
                0x00000000000002a0       0x20 c:/intelFPGA_lite/ip_labs/cw/quartus_v2/Golden_Top/software/cw2_bsp/\libhal_bsp.a(alt_io_redirect.o)
 .debug_aranges
                0x00000000000002c0       0x20 c:/intelFPGA_lite/ip_labs/cw/quartus_v2/Golden_Top/software/cw2_bsp/\libhal_bsp.a(alt_irq_register.o)
 .debug_aranges
                0x00000000000002e0       0x18 c:/intelFPGA_lite/ip_labs/cw/quartus_v2/Golden_Top/software/cw2_bsp/\libhal_bsp.a(alt_irq_vars.o)
 .debug_aranges
                0x00000000000002f8       0x20 c:/intelFPGA_lite/ip_labs/cw/quartus_v2/Golden_Top/software/cw2_bsp/\libhal_bsp.a(alt_open.o)
 .debug_aranges
                0x0000000000000318       0x20 c:/intelFPGA_lite/ip_labs/cw/quartus_v2/Golden_Top/software/cw2_bsp/\libhal_bsp.a(alt_release_fd.o)
 .debug_aranges
                0x0000000000000338       0x20 c:/intelFPGA_lite/ip_labs/cw/quartus_v2/Golden_Top/software/cw2_bsp/\libhal_bsp.a(alt_tick.o)
 .debug_aranges
                0x0000000000000358       0x20 c:/intelFPGA_lite/ip_labs/cw/quartus_v2/Golden_Top/software/cw2_bsp/\libhal_bsp.a(altera_nios2_gen2_irq.o)
 .debug_aranges
                0x0000000000000378       0x20 c:/intelFPGA_lite/ip_labs/cw/quartus_v2/Golden_Top/software/cw2_bsp/\libhal_bsp.a(alt_find_dev.o)
 .debug_aranges
                0x0000000000000398       0x20 c:/intelFPGA_lite/ip_labs/cw/quartus_v2/Golden_Top/software/cw2_bsp/\libhal_bsp.a(alt_find_file.o)
 .debug_aranges
                0x00000000000003b8       0x20 c:/intelFPGA_lite/ip_labs/cw/quartus_v2/Golden_Top/software/cw2_bsp/\libhal_bsp.a(alt_get_fd.o)
 .debug_aranges
                0x00000000000003d8       0x30 c:/intelFPGA_lite/ip_labs/cw/quartus_v2/Golden_Top/software/cw2_bsp/\libhal_bsp.a(alt_irq_entry.o)
 .debug_aranges
                0x0000000000000408       0x20 c:/intelFPGA_lite/ip_labs/cw/quartus_v2/Golden_Top/software/cw2_bsp/\libhal_bsp.a(alt_irq_handler.o)
 .debug_aranges
                0x0000000000000428       0x38 c:/intelFPGA_lite/ip_labs/cw/quartus_v2/Golden_Top/software/cw2_bsp/\libhal_bsp.a(alt_exception_entry.o)
 .debug_aranges
                0x0000000000000460       0x28 c:/intelFPGA_lite/ip_labs/cw/quartus_v2/Golden_Top/software/cw2_bsp/\libhal_bsp.a(alt_instruction_exception_entry.o)
 .debug_aranges